// Jest Snapshot v1, https://goo.gl/fbAQLP

exports[`GCP Login Page should render error no gcp project when api returns no results 1`] = `
.emotion-0 {
  border-bottom: 1px solid lightgray;
  margin: 10px;
  margin-bottom: 20px;
}

.emotion-2 {
  max-width: 800px;
  margin: 0 auto;
}

<div
  data-testid="gcp-login-error"
>
  <header
    class="emotion-0 emotion-1"
  >
    <img
      src="/static/google-cloud.svg"
    />
  </header>
  <div
    class="emotion-2 emotion-3"
  >
    <h3>
      Error: There are no GCP project roles associated with your account.
    </h3>
    <p>
      Check to make sure that your 
      <tt>
        gcp.*
      </tt>
       
      roles contain your user.
      <br />
      E.g., if your account is 'jdoe', then
       
      <tt>
        gcp.fed.admin.user
      </tt>
       should have
       
      <tt>
        user
        .jdoe
      </tt>
       as a member.
    </p>
    <p>
      If that does not work, please ask your Athenz domain admin for assistance.
    </p>
  </div>
</div>
`;

exports[`GCP Login Page should render projects api returns results 1`] = `
.emotion-0 {
  border-bottom: 1px solid lightgray;
  margin: 10px;
  margin-bottom: 20px;
}

.emotion-0 {
  border-bottom: 1px solid lightgray;
  margin: 10px;
  margin-bottom: 20px;
}

.emotion-2 {
  max-width: 800px;
  margin: 0 auto;
}

.emotion-2 {
  max-width: 800px;
  margin: 0 auto;
}

.emotion-4 {
  font-size: 16px;
}

.emotion-6 {
  font-size: 18px;
  display: inline;
  border-bottom: 1px solid lightgray;
  margin-bottom: 10px;
  padding: 10px;
  width: 100%;
  display: block;
}

.emotion-8 {
  display: -webkit-box;
  display: -webkit-flex;
  display: -ms-flexbox;
  display: flex;
  -webkit-flex-direction: column;
  -ms-flex-direction: column;
  flex-direction: column;
  margin-top: 10px;
  margin-bottom: 10px;
  margin-left: 20px;
  font-weight: bold;
}

.emotion-10 {
  vertical-align: middle;
  width: 18px;
  height: 18px;
  margin: 10px;
}

.emotion-12 {
  margin: 0;
  font-weight: bold;
  font-size: 16px;
  color: #000;
  vertical-align: middle;
}

.emotion-14 {
  display: -webkit-box;
  display: -webkit-flex;
  display: -ms-flexbox;
  display: flex;
}

.emotion-16 {
  border: none;
  border-radius: 2px;
  box-shadow: 0 0 0 1px transparent inset,0 0 0 0 #d5d5d5 inset;
  box-sizing: border-box;
  cursor: pointer;
  display: inline-block;
  font-family: Helvetica,Arial,sans-serif;
  font-weight: 300;
  font-size: 14px;
  line-height: 1;
  margin: 5px;
  outline: 0;
  padding: 10px 24px;
  text-align: center;
  text-shadow: none;
  text-transform: none;
  -webkit-transition: all 0.2s ease-in;
  transition: all 0.2s ease-in;
  vertical-align: baseline;
  white-space: nowrap;
  background: linear-gradient(
              to right,
              #3697f2,
              #3570f4
          );
  color: #fff;
}

.emotion-16:first-of-type {
  margin-left: 0;
}

.emotion-16:disabled {
  background: rgba(48,48,48,0.1);
  color: rgba(48,48,48,0.2);
  cursor: not-allowed;
}

.emotion-16:hover:not(:disabled) {
  background: linear-gradient(
                  to right,
                  #3570f4,
                  #3448f7
              );
}

<div
  data-testid="gcp-login"
>
  <header
    class="emotion-0 emotion-1"
  >
    <img
      src="/static/google-cloud.svg"
    />
  </header>
  <div
    class="emotion-2 emotion-3"
  >
    <form
      action="/gcp/login/post"
      method="post"
    >
      <input
        name="_csrf"
        type="hidden"
        value=""
      />
      <input
        name="isAdmin"
        type="hidden"
        value=""
      />
      <p
        class="emotion-4 emotion-5"
      >
        Select a role:
      </p>
      <div>
        <div
          class="emotion-6 emotion-7"
        >
          Project: 
          dummy-project-id
           (
          dummy.project
          )
        </div>
        <div
          class="emotion-8 emotion-9"
        >
          <div>
            <input
              class="emotion-10 emotion-11"
              name="project"
              required=""
              type="radio"
              value="dummy.project:role.user.dev"
            />
            <label
              class="emotion-12 emotion-13"
            >
              user.dev
            </label>
          </div>
        </div>
      </div>
      <div
        class="emotion-14 emotion-15"
      >
        <button
          class="emotion-16 denali-button"
          type="submit"
        >
          Submit
        </button>
      </div>
    </form>
  </div>
</div>
`;
