// Jest Snapshot v1, https://goo.gl/fbAQLP

exports[`GroupTable should render 1`] = `
.emotion-0 {
  width: 100%;
  border-spacing: 0 15px;
  display: table;
  border-collapse: separate;
  border-color: grey;
}

.emotion-2 {
  text-align: left;
  border-bottom: 2px solid #d5d5d5;
  color: #9a9a9a;
  font-weight: 600;
  padding-bottom: 5px;
  vertical-align: top;
  text-transform: uppercase;
  padding: 5px 0 5px 35px;
  word-break: break-all;
}

.emotion-4 {
  border-bottom: 2px solid #d5d5d5;
  color: #9a9a9a;
  font-weight: 600;
  padding-bottom: 5px;
  vertical-align: top;
  text-transform: uppercase;
  padding: 5px 0 5px 15px;
  word-break: break-all;
}

.emotion-20 {
  box-sizing: border-box;
  margin-top: 10px;
  box-shadow: 0 1px 4px #d9d9d9;
  border: 1px solid #fff;
  -webkit-border-image: none;
  border-image: none;
  -webkit-border-image: initial;
  border-image: initial;
  padding: 5px 0 5px 15px;
}

.emotion-22 {
  text-align: left;
  padding: 5px 0 5px 15px;
  vertical-align: middle;
  word-break: break-all;
}

.emotion-24 {
  padding-left: 20px;
}

.emotion-26 {
  text-align: center;
  padding: 5px 0 5px 15px;
  vertical-align: middle;
  word-break: break-all;
}

.emotion-32 {
  fill: #188fff;
  cursor: pointer;
  vertical-align: text-bottom;
}

<table
  class="emotion-0 emotion-1"
  data-testid="grouptable"
>
  <colgroup>
    <col
      style="width: 26%;"
    />
    <col
      style="width: 13%;"
    />
    <col
      style="width: 13%;"
    />
    <col
      style="width: 8%;"
    />
    <col
      style="width: 8%;"
    />
    <col
      style="width: 8%;"
    />
    <col
      style="width: 8%;"
    />
    <col
      style="width: 8%;"
    />
    <col
      style="width: 8%;"
    />
  </colgroup>
  <thead>
    <tr>
      <th
        class="emotion-2 emotion-3"
      >
        Group
      </th>
      <th
        class="emotion-4 emotion-5"
      >
        Modified Date
      </th>
      <th
        class="emotion-4 emotion-5"
      >
        Reviewed Date
      </th>
      <th
        class="emotion-4 emotion-5"
      >
        Members
      </th>
      <th
        class="emotion-4 emotion-5"
      >
        Roles
      </th>
      <th
        class="emotion-4 emotion-5"
      >
        Tags
      </th>
      <th
        class="emotion-4 emotion-5"
      >
        Settings
      </th>
      <th
        class="emotion-4 emotion-5"
      >
        History
      </th>
      <th
        class="emotion-4 emotion-5"
      >
        Delete
      </th>
    </tr>
  </thead>
  <tbody>
    <tr
      class="emotion-20 emotion-21"
      data-testid="group-row"
    >
      <td
        class="emotion-22 emotion-23"
        color=""
      >
        <span
          class="emotion-24 emotion-25"
        >
           a
        </span>
      </td>
      <td
        class="emotion-26 emotion-23"
        color=""
      >
        Invalid date
      </td>
      <td
        class="emotion-26 emotion-23"
        color=""
      >
        N/A
      </td>
      <td
        class="emotion-26 emotion-23"
        color=""
      >
        <span>
          <svg
            class="emotion-32"
            data-testid="icon"
            height="1.25em"
            id=""
            viewBox="0 0 1024 1024"
            width="1.25em"
          >
            <title>
              user-group
            </title>
            <path
              d="M320 512c106.039 0 192-85.961 192-192s-85.961-192-192-192c-106.039 0-192 85.961-192 192v0c0 106.039 85.961 192 192 192v0zM320 213.333c58.91 0 106.667 47.756 106.667 106.667s-47.756 106.667-106.667 106.667c-58.91 0-106.667-47.756-106.667-106.667v0c0-58.91 47.756-106.667 106.667-106.667v0z"
            />
            <path
              d="M746.667 512c82.475 0 149.333-66.859 149.333-149.333s-66.859-149.333-149.333-149.333c-82.475 0-149.333 66.859-149.333 149.333v0c0 82.475 66.859 149.333 149.333 149.333v0zM746.667 298.667c35.346 0 64 28.654 64 64s-28.654 64-64 64c-35.346 0-64-28.654-64-64v0c-0.024-0.647-0.038-1.408-0.038-2.171 0-34.168 27.699-61.867 61.867-61.867 0.764 0 1.524 0.014 2.281 0.041l-0.11-0.003z"
            />
            <path
              d="M981.333 627.2l-19.2-12.8c-61.484-37.554-135.879-59.79-215.467-59.79s-153.983 22.236-217.31 60.834l1.843-1.044-17.067 12.8c-51.435-18.731-110.808-29.656-172.706-29.866l-0.094-0c-1.041-0.008-2.273-0.012-3.505-0.012-102.805 0-198.352 31.076-277.759 84.348l1.797-1.135-19.2 12.8v160c0 23.564 19.103 42.667 42.667 42.667v0h512c23.564 0 42.667-19.103 42.667-42.667v0-42.667h298.667c23.564 0 42.667-19.103 42.667-42.667v0zM554.667 810.667h-426.667v-70.4c60.429-36.199 133.319-57.605 211.209-57.605 0.747 0 1.493 0.002 2.239 0.006l-0.115-0c0.631-0.003 1.377-0.005 2.124-0.005 77.89 0 150.78 21.406 213.108 58.657l-1.899-1.052zM896 725.333h-256v-32l-32-21.333c40.883-19.81 88.92-31.389 139.661-31.389 54.141 0 105.204 13.182 150.153 36.512l-1.814-0.857z"
            />
          </svg>
        </span>
      </td>
      <td
        class="emotion-26 emotion-23"
        color=""
      >
        <span>
          <svg
            class="emotion-32"
            data-testid="icon"
            height="1.25em"
            id=""
            viewBox="0 0 1024 1024"
            width="1.25em"
          >
            <title>
              network
            </title>
            <path
              d="M938.667 682.667h-42.667v-170.667c0-23.564-19.103-42.667-42.667-42.667v0h-298.667v-128h42.667c23.564 0 42.667-19.103 42.667-42.667v0-170.667c0-23.564-19.103-42.667-42.667-42.667v0h-170.667c-23.564 0-42.667 19.103-42.667 42.667v0 170.667c0 23.564 19.103 42.667 42.667 42.667v0h42.667v128h-298.667c-23.564 0-42.667 19.103-42.667 42.667v0 170.667h-42.667c-23.564 0-42.667 19.103-42.667 42.667v0 170.667c0 23.564 19.103 42.667 42.667 42.667v0h170.667c23.564 0 42.667-19.103 42.667-42.667v0-170.667c0-23.564-19.103-42.667-42.667-42.667v0h-42.667v-128h256v128h-42.667c-23.564 0-42.667 19.103-42.667 42.667v0 170.667c0 23.564 19.103 42.667 42.667 42.667v0h170.667c23.564 0 42.667-19.103 42.667-42.667v0-170.667c0-23.564-19.103-42.667-42.667-42.667v0h-42.667v-128h256v128h-42.667c-23.564 0-42.667 19.103-42.667 42.667v0 170.667c0 23.564 19.103 42.667 42.667 42.667v0h170.667c23.564 0 42.667-19.103 42.667-42.667v0-170.667c0-23.564-19.103-42.667-42.667-42.667v0zM213.333 853.333h-85.333v-85.333h85.333zM469.333 170.667h85.333v85.333h-85.333zM554.667 853.333h-85.333v-85.333h85.333zM896 853.333h-85.333v-85.333h85.333z"
            />
          </svg>
        </span>
      </td>
      <td
        class="emotion-26 emotion-23"
        color=""
      >
        <span>
          <svg
            class="emotion-32"
            data-testid="icon"
            height="1.25em"
            id=""
            viewBox="0 0 1024 1024"
            width="1.25em"
          >
            <title>
              tag
            </title>
            <path
              d="M492.8 145.067l360.533 360.533v347.733h-347.733l-360.533-360.533 347.733-347.733zM492.8 42.667c-11.712 0.172-22.255 5.037-29.86 12.793l-0.007 0.007-407.467 407.467c-8.083 7.434-13.13 18.061-13.13 29.867s5.047 22.432 13.101 29.84l0.029 0.026 416 416h424.533c23.564 0 42.667-19.103 42.667-42.667v0-424.533l-416-416c-7.612-7.763-18.155-12.628-29.835-12.8l-0.032-0z"
            />
            <path
              d="M746.667 661.333c0 47.128-38.205 85.333-85.333 85.333s-85.333-38.205-85.333-85.333c0-47.128 38.205-85.333 85.333-85.333s85.333 38.205 85.333 85.333z"
            />
          </svg>
        </span>
      </td>
      <td
        class="emotion-26 emotion-23"
        color=""
      >
        <span>
          <svg
            class="emotion-32"
            data-testid="icon"
            height="1.25em"
            id="group-settings-icon-a"
            viewBox="0 0 1024 1024"
            width="1.25em"
          >
            <title>
              setting
            </title>
            <path
              d="M857.6 622.933l117.333-32c4.066-23.729 6.391-51.060 6.391-78.933s-2.324-55.204-6.789-81.809l0.399 2.875-117.333-32c-16.384-4.627-28.189-19.444-28.189-37.017 0-6.766 1.75-13.124 4.822-18.645l-0.1 0.196 59.733-106.667c-30.048-42.691-66.108-78.751-107.412-107.872l-1.388-0.928-106.667 59.733-17.067 4.267c-0.448 0.019-0.974 0.029-1.503 0.029-17.418 0-32.128-11.597-36.828-27.491l-0.069-0.272-32-117.333c-23.729-4.066-51.060-6.391-78.933-6.391s-55.204 2.324-81.809 6.789l2.875-0.399-32 117.333c-4.77 16.166-19.479 27.763-36.897 27.763-0.528 0-1.054-0.011-1.578-0.032l0.075 0.002-17.067-4.267-106.667-59.733c-42.691 30.048-78.751 66.108-107.872 107.412l-0.928 1.388 59.733 106.667c2.972 5.325 4.722 11.683 4.722 18.449 0 17.574-11.805 32.39-27.918 36.952l-0.271 0.065-117.333 32c-4.066 23.729-6.391 51.060-6.391 78.933s2.324 55.204 6.789 81.809l-0.399-2.875 117.333 32c16.384 4.627 28.189 19.444 28.189 37.017 0 6.766-1.75 13.124-4.822 18.645l0.1-0.196-59.733 106.667c30.048 42.691 66.108 78.751 107.412 107.872l1.388 0.928 106.667-59.733 17.067-4.267c0.448-0.019 0.974-0.029 1.503-0.029 17.418 0 32.128 11.597 36.828 27.491l0.069 0.272 32 117.333c23.729 4.066 51.060 6.391 78.933 6.391s55.204-2.324 81.809-6.789l-2.875 0.399 32-117.333c4.77-16.166 19.479-27.763 36.897-27.763 0.528 0 1.054 0.011 1.578 0.032l-0.075-0.002 17.067 4.267 106.667 59.733c42.691-30.048 78.751-66.108 107.872-107.412l0.928-1.388-59.733-106.667c-2.972-5.325-4.722-11.683-4.722-18.449 0-17.574 11.805-32.39 27.918-36.952l0.271-0.065zM832 539.733h-4.267c-32.839 13.039-58.565 38.072-72.208 69.558l-0.325 0.842c-6.487 14.396-10.267 31.208-10.267 48.903 0 19.476 4.579 37.883 12.718 54.202l-0.318-0.705h2.133v4.267l32 53.333c-4.628 6.767-10.3 12.439-16.848 16.925l-0.219 0.141-53.333-32h-6.4c-15.332-8.067-33.502-12.801-52.778-12.801-0.195 0-0.39 0-0.585 0.001l0.030-0c-54.426 0.192-100.831 34.322-119.172 82.322l-0.295 0.878v6.4l-19.2 64h-21.333l-17.067-61.867v-4.267c-18.102-50.142-65.281-85.337-120.681-85.337-0.323 0-0.646 0.001-0.969 0.004l0.050-0c-0.165-0.001-0.36-0.001-0.555-0.001-19.276 0-37.446 4.734-53.412 13.104l0.633-0.302h-6.4l-53.333 32c-6.767-4.628-12.439-10.3-16.925-16.848l-0.141-0.219 32-53.333v-4.267h2.133c7.821-15.615 12.4-34.021 12.4-53.497 0-17.695-3.78-34.507-10.575-49.673l0.309 0.77c-13.968-32.328-39.694-57.361-71.655-70.091l-0.879-0.309h-6.4l-61.867-19.2v-21.333l61.867-17.067h6.4c32.839-13.039 58.565-38.072 72.208-69.558l0.325-0.842c6.487-14.396 10.267-31.208 10.267-48.903 0-19.476-4.579-37.883-12.718-54.202l0.318 0.705h-2.133v-4.267l-32-53.333 17.067-17.067 53.333 32h6.4c15.332 8.067 33.502 12.801 52.778 12.801 0.195 0 0.39-0 0.585-0.001l-0.030 0c54.426-0.192 100.831-34.322 119.172-82.322l0.295-0.878v-6.4l19.2-64h21.333l17.067 61.867v4.267c18.102 50.142 65.281 85.337 120.681 85.337 0.323 0 0.646-0.001 0.969-0.004l-0.050 0c0.165 0.001 0.36 0.001 0.555 0.001 19.276 0 37.446-4.734 53.412-13.104l-0.633 0.302h6.4l53.333-32c6.767 4.628 12.439 10.3 16.925 16.848l0.141 0.219-32 53.333v4.267h-2.133c-7.821 15.615-12.4 34.021-12.4 53.497 0 17.695 3.78 34.507 10.575 49.673l-0.309-0.77c13.968 32.328 39.694 57.361 71.655 70.091l0.879 0.309h6.4l61.867 17.067v21.333l-61.867 17.067z"
            />
            <path
              d="M512 320c-106.039 0-192 85.961-192 192s85.961 192 192 192c106.039 0 192-85.961 192-192v0c0-106.039-85.961-192-192-192v0zM512 618.667c-58.91 0-106.667-47.756-106.667-106.667s47.756-106.667 106.667-106.667c58.91 0 106.667 47.756 106.667 106.667v0c0 58.91-47.756 106.667-106.667 106.667v0z"
            />
          </svg>
        </span>
      </td>
      <td
        class="emotion-26 emotion-23"
        color=""
      >
        <span>
          <svg
            class="emotion-32"
            data-testid="icon"
            height="1.25em"
            id=""
            viewBox="0 0 1024 1024"
            width="1.25em"
          >
            <title>
              time-history
            </title>
            <path
              d="M981.333 512c-1.127 258.351-210.821 467.35-469.329 467.35-183.080 0-341.676-104.828-419.040-257.735l-1.23-2.682c-3.724-6.205-5.927-13.692-5.927-21.694 0-13.702 6.458-25.895 16.497-33.701l0.096-0.072c7.082-5.427 16.067-8.696 25.816-8.696 16.626 0 31.031 9.51 38.072 23.387l0.112 0.243c63.468 129.74 194.499 217.51 346.030 217.51 212.077 0 384-171.923 384-384s-171.923-384-384-384c-113.597 0-215.674 49.327-285.979 127.729l-0.318 0.361h113.067c0.244-0.005 0.531-0.007 0.819-0.007 21.726 0 39.84 15.466 43.934 35.989l0.048 0.286c0.307 1.924 0.483 4.143 0.483 6.403 0 23.564-19.103 42.667-42.667 42.667-0.17 0-0.34-0.001-0.509-0.003l0.026 0h-213.333c-23.564 0-42.667-19.103-42.667-42.667v0-211.2c-0.005-0.244-0.007-0.531-0.007-0.819 0-21.726 15.466-39.84 35.989-43.934l0.286-0.048c1.924-0.307 4.143-0.483 6.403-0.483 23.564 0 42.667 19.103 42.667 42.667 0 0.17-0.001 0.34-0.003 0.509l0-0.026v104.533c85.767-90.732 206.955-147.207 341.333-147.207 259.206 0 469.333 210.128 469.333 469.333 0 0.003-0 0.005-0 0.008l0-0.001z"
            />
            <path
              d="M725.333 682.667c-0.223 0.005-0.486 0.008-0.749 0.008-7.696 0-14.832-2.397-20.703-6.486l0.118 0.078-234.667-140.8v-236.8c0-23.564 19.103-42.667 42.667-42.667s42.667 19.103 42.667 42.667v0 189.867l192 115.2c12.808 6.981 21.354 20.347 21.354 35.708 0 8.131-2.394 15.703-6.516 22.049l0.096-0.157c-6.984 12.799-20.345 21.337-35.7 21.337-0.199 0-0.398-0.001-0.597-0.004l0.030 0z"
            />
          </svg>
        </span>
      </td>
      <td
        class="emotion-26 emotion-23"
        color=""
      >
        <span>
          <svg
            class="emotion-32"
            data-testid="icon"
            height="1.25em"
            id="delete-group-icon-a"
            viewBox="0 0 1024 1024"
            width="1.25em"
          >
            <title>
              trash
            </title>
            <path
              d="M917.333 187.733c0.007 0.319 0.012 0.694 0.012 1.071 0 12.755-4.867 24.374-12.846 33.1l0.034-0.038c-6.696 7.89-16.62 12.864-27.706 12.864-0.76 0-1.515-0.023-2.264-0.069l0.103 0.005h-256c-23.564 0-42.667-19.103-42.667-42.667v0-42.667h-128v42.667c0 23.564-19.103 42.667-42.667 42.667v0h-253.867c-0.136 0.001-0.298 0.002-0.459 0.002-22.485 0-41.102-16.565-44.311-38.157l-0.030-0.245c-0.007-0.319-0.012-0.694-0.012-1.071 0-12.755 4.867-24.374 12.846-33.1l-0.034 0.038c6.696-7.89 16.62-12.864 27.706-12.864 0.76 0 1.515 0.023 2.264 0.069l-0.103-0.005h213.333v-42.667c0-23.564 19.103-42.667 42.667-42.667v0h213.333c23.564 0 42.667 19.103 42.667 42.667v0 42.667h211.2c0.136-0.001 0.298-0.002 0.459-0.002 22.485 0 41.102 16.565 44.311 38.157l0.030 0.245z"
            />
            <path
              d="M742.4 358.4l-51.2 516.267h-358.4l-51.2-516.267c-2.24-21.656-20.391-38.401-42.453-38.401-0.075 0-0.15 0-0.225 0.001l0.012-0c-0.064-0-0.139-0.001-0.214-0.001-23.564 0-42.667 19.103-42.667 42.667 0 1.503 0.078 2.988 0.229 4.45l-0.015-0.183 55.467 554.667c2.24 21.656 20.391 38.401 42.453 38.401 0.075 0 0.15-0 0.225-0.001l-0.012 0h435.2c0.064 0 0.139 0.001 0.214 0.001 22.062 0 40.213-16.744 42.437-38.218l0.015-0.183 55.467-554.667c0.136-1.28 0.214-2.764 0.214-4.267 0-23.564-19.103-42.667-42.667-42.667-0.075 0-0.15 0-0.226 0.001l0.012-0c-0.064-0-0.139-0.001-0.214-0.001-22.062 0-40.213 16.744-42.437 38.218l-0.015 0.183z"
            />
          </svg>
        </span>
      </td>
    </tr>
    <tr
      class="emotion-20 emotion-21"
      data-testid="group-row"
    >
      <td
        class="emotion-22 emotion-23"
        color=""
      >
        <span
          class="emotion-24 emotion-25"
        >
           b
        </span>
      </td>
      <td
        class="emotion-26 emotion-23"
        color=""
      >
        Invalid date
      </td>
      <td
        class="emotion-26 emotion-23"
        color=""
      >
        N/A
      </td>
      <td
        class="emotion-26 emotion-23"
        color=""
      >
        <span>
          <svg
            class="emotion-32"
            data-testid="icon"
            height="1.25em"
            id=""
            viewBox="0 0 1024 1024"
            width="1.25em"
          >
            <title>
              user-group
            </title>
            <path
              d="M320 512c106.039 0 192-85.961 192-192s-85.961-192-192-192c-106.039 0-192 85.961-192 192v0c0 106.039 85.961 192 192 192v0zM320 213.333c58.91 0 106.667 47.756 106.667 106.667s-47.756 106.667-106.667 106.667c-58.91 0-106.667-47.756-106.667-106.667v0c0-58.91 47.756-106.667 106.667-106.667v0z"
            />
            <path
              d="M746.667 512c82.475 0 149.333-66.859 149.333-149.333s-66.859-149.333-149.333-149.333c-82.475 0-149.333 66.859-149.333 149.333v0c0 82.475 66.859 149.333 149.333 149.333v0zM746.667 298.667c35.346 0 64 28.654 64 64s-28.654 64-64 64c-35.346 0-64-28.654-64-64v0c-0.024-0.647-0.038-1.408-0.038-2.171 0-34.168 27.699-61.867 61.867-61.867 0.764 0 1.524 0.014 2.281 0.041l-0.11-0.003z"
            />
            <path
              d="M981.333 627.2l-19.2-12.8c-61.484-37.554-135.879-59.79-215.467-59.79s-153.983 22.236-217.31 60.834l1.843-1.044-17.067 12.8c-51.435-18.731-110.808-29.656-172.706-29.866l-0.094-0c-1.041-0.008-2.273-0.012-3.505-0.012-102.805 0-198.352 31.076-277.759 84.348l1.797-1.135-19.2 12.8v160c0 23.564 19.103 42.667 42.667 42.667v0h512c23.564 0 42.667-19.103 42.667-42.667v0-42.667h298.667c23.564 0 42.667-19.103 42.667-42.667v0zM554.667 810.667h-426.667v-70.4c60.429-36.199 133.319-57.605 211.209-57.605 0.747 0 1.493 0.002 2.239 0.006l-0.115-0c0.631-0.003 1.377-0.005 2.124-0.005 77.89 0 150.78 21.406 213.108 58.657l-1.899-1.052zM896 725.333h-256v-32l-32-21.333c40.883-19.81 88.92-31.389 139.661-31.389 54.141 0 105.204 13.182 150.153 36.512l-1.814-0.857z"
            />
          </svg>
        </span>
      </td>
      <td
        class="emotion-26 emotion-23"
        color=""
      >
        <span>
          <svg
            class="emotion-32"
            data-testid="icon"
            height="1.25em"
            id=""
            viewBox="0 0 1024 1024"
            width="1.25em"
          >
            <title>
              network
            </title>
            <path
              d="M938.667 682.667h-42.667v-170.667c0-23.564-19.103-42.667-42.667-42.667v0h-298.667v-128h42.667c23.564 0 42.667-19.103 42.667-42.667v0-170.667c0-23.564-19.103-42.667-42.667-42.667v0h-170.667c-23.564 0-42.667 19.103-42.667 42.667v0 170.667c0 23.564 19.103 42.667 42.667 42.667v0h42.667v128h-298.667c-23.564 0-42.667 19.103-42.667 42.667v0 170.667h-42.667c-23.564 0-42.667 19.103-42.667 42.667v0 170.667c0 23.564 19.103 42.667 42.667 42.667v0h170.667c23.564 0 42.667-19.103 42.667-42.667v0-170.667c0-23.564-19.103-42.667-42.667-42.667v0h-42.667v-128h256v128h-42.667c-23.564 0-42.667 19.103-42.667 42.667v0 170.667c0 23.564 19.103 42.667 42.667 42.667v0h170.667c23.564 0 42.667-19.103 42.667-42.667v0-170.667c0-23.564-19.103-42.667-42.667-42.667v0h-42.667v-128h256v128h-42.667c-23.564 0-42.667 19.103-42.667 42.667v0 170.667c0 23.564 19.103 42.667 42.667 42.667v0h170.667c23.564 0 42.667-19.103 42.667-42.667v0-170.667c0-23.564-19.103-42.667-42.667-42.667v0zM213.333 853.333h-85.333v-85.333h85.333zM469.333 170.667h85.333v85.333h-85.333zM554.667 853.333h-85.333v-85.333h85.333zM896 853.333h-85.333v-85.333h85.333z"
            />
          </svg>
        </span>
      </td>
      <td
        class="emotion-26 emotion-23"
        color=""
      >
        <span>
          <svg
            class="emotion-32"
            data-testid="icon"
            height="1.25em"
            id=""
            viewBox="0 0 1024 1024"
            width="1.25em"
          >
            <title>
              tag
            </title>
            <path
              d="M492.8 145.067l360.533 360.533v347.733h-347.733l-360.533-360.533 347.733-347.733zM492.8 42.667c-11.712 0.172-22.255 5.037-29.86 12.793l-0.007 0.007-407.467 407.467c-8.083 7.434-13.13 18.061-13.13 29.867s5.047 22.432 13.101 29.84l0.029 0.026 416 416h424.533c23.564 0 42.667-19.103 42.667-42.667v0-424.533l-416-416c-7.612-7.763-18.155-12.628-29.835-12.8l-0.032-0z"
            />
            <path
              d="M746.667 661.333c0 47.128-38.205 85.333-85.333 85.333s-85.333-38.205-85.333-85.333c0-47.128 38.205-85.333 85.333-85.333s85.333 38.205 85.333 85.333z"
            />
          </svg>
        </span>
      </td>
      <td
        class="emotion-26 emotion-23"
        color=""
      >
        <span>
          <svg
            class="emotion-32"
            data-testid="icon"
            height="1.25em"
            id="group-settings-icon-b"
            viewBox="0 0 1024 1024"
            width="1.25em"
          >
            <title>
              setting
            </title>
            <path
              d="M857.6 622.933l117.333-32c4.066-23.729 6.391-51.060 6.391-78.933s-2.324-55.204-6.789-81.809l0.399 2.875-117.333-32c-16.384-4.627-28.189-19.444-28.189-37.017 0-6.766 1.75-13.124 4.822-18.645l-0.1 0.196 59.733-106.667c-30.048-42.691-66.108-78.751-107.412-107.872l-1.388-0.928-106.667 59.733-17.067 4.267c-0.448 0.019-0.974 0.029-1.503 0.029-17.418 0-32.128-11.597-36.828-27.491l-0.069-0.272-32-117.333c-23.729-4.066-51.060-6.391-78.933-6.391s-55.204 2.324-81.809 6.789l2.875-0.399-32 117.333c-4.77 16.166-19.479 27.763-36.897 27.763-0.528 0-1.054-0.011-1.578-0.032l0.075 0.002-17.067-4.267-106.667-59.733c-42.691 30.048-78.751 66.108-107.872 107.412l-0.928 1.388 59.733 106.667c2.972 5.325 4.722 11.683 4.722 18.449 0 17.574-11.805 32.39-27.918 36.952l-0.271 0.065-117.333 32c-4.066 23.729-6.391 51.060-6.391 78.933s2.324 55.204 6.789 81.809l-0.399-2.875 117.333 32c16.384 4.627 28.189 19.444 28.189 37.017 0 6.766-1.75 13.124-4.822 18.645l0.1-0.196-59.733 106.667c30.048 42.691 66.108 78.751 107.412 107.872l1.388 0.928 106.667-59.733 17.067-4.267c0.448-0.019 0.974-0.029 1.503-0.029 17.418 0 32.128 11.597 36.828 27.491l0.069 0.272 32 117.333c23.729 4.066 51.060 6.391 78.933 6.391s55.204-2.324 81.809-6.789l-2.875 0.399 32-117.333c4.77-16.166 19.479-27.763 36.897-27.763 0.528 0 1.054 0.011 1.578 0.032l-0.075-0.002 17.067 4.267 106.667 59.733c42.691-30.048 78.751-66.108 107.872-107.412l0.928-1.388-59.733-106.667c-2.972-5.325-4.722-11.683-4.722-18.449 0-17.574 11.805-32.39 27.918-36.952l0.271-0.065zM832 539.733h-4.267c-32.839 13.039-58.565 38.072-72.208 69.558l-0.325 0.842c-6.487 14.396-10.267 31.208-10.267 48.903 0 19.476 4.579 37.883 12.718 54.202l-0.318-0.705h2.133v4.267l32 53.333c-4.628 6.767-10.3 12.439-16.848 16.925l-0.219 0.141-53.333-32h-6.4c-15.332-8.067-33.502-12.801-52.778-12.801-0.195 0-0.39 0-0.585 0.001l0.030-0c-54.426 0.192-100.831 34.322-119.172 82.322l-0.295 0.878v6.4l-19.2 64h-21.333l-17.067-61.867v-4.267c-18.102-50.142-65.281-85.337-120.681-85.337-0.323 0-0.646 0.001-0.969 0.004l0.050-0c-0.165-0.001-0.36-0.001-0.555-0.001-19.276 0-37.446 4.734-53.412 13.104l0.633-0.302h-6.4l-53.333 32c-6.767-4.628-12.439-10.3-16.925-16.848l-0.141-0.219 32-53.333v-4.267h2.133c7.821-15.615 12.4-34.021 12.4-53.497 0-17.695-3.78-34.507-10.575-49.673l0.309 0.77c-13.968-32.328-39.694-57.361-71.655-70.091l-0.879-0.309h-6.4l-61.867-19.2v-21.333l61.867-17.067h6.4c32.839-13.039 58.565-38.072 72.208-69.558l0.325-0.842c6.487-14.396 10.267-31.208 10.267-48.903 0-19.476-4.579-37.883-12.718-54.202l0.318 0.705h-2.133v-4.267l-32-53.333 17.067-17.067 53.333 32h6.4c15.332 8.067 33.502 12.801 52.778 12.801 0.195 0 0.39-0 0.585-0.001l-0.030 0c54.426-0.192 100.831-34.322 119.172-82.322l0.295-0.878v-6.4l19.2-64h21.333l17.067 61.867v4.267c18.102 50.142 65.281 85.337 120.681 85.337 0.323 0 0.646-0.001 0.969-0.004l-0.050 0c0.165 0.001 0.36 0.001 0.555 0.001 19.276 0 37.446-4.734 53.412-13.104l-0.633 0.302h6.4l53.333-32c6.767 4.628 12.439 10.3 16.925 16.848l0.141 0.219-32 53.333v4.267h-2.133c-7.821 15.615-12.4 34.021-12.4 53.497 0 17.695 3.78 34.507 10.575 49.673l-0.309-0.77c13.968 32.328 39.694 57.361 71.655 70.091l0.879 0.309h6.4l61.867 17.067v21.333l-61.867 17.067z"
            />
            <path
              d="M512 320c-106.039 0-192 85.961-192 192s85.961 192 192 192c106.039 0 192-85.961 192-192v0c0-106.039-85.961-192-192-192v0zM512 618.667c-58.91 0-106.667-47.756-106.667-106.667s47.756-106.667 106.667-106.667c58.91 0 106.667 47.756 106.667 106.667v0c0 58.91-47.756 106.667-106.667 106.667v0z"
            />
          </svg>
        </span>
      </td>
      <td
        class="emotion-26 emotion-23"
        color=""
      >
        <span>
          <svg
            class="emotion-32"
            data-testid="icon"
            height="1.25em"
            id=""
            viewBox="0 0 1024 1024"
            width="1.25em"
          >
            <title>
              time-history
            </title>
            <path
              d="M981.333 512c-1.127 258.351-210.821 467.35-469.329 467.35-183.080 0-341.676-104.828-419.040-257.735l-1.23-2.682c-3.724-6.205-5.927-13.692-5.927-21.694 0-13.702 6.458-25.895 16.497-33.701l0.096-0.072c7.082-5.427 16.067-8.696 25.816-8.696 16.626 0 31.031 9.51 38.072 23.387l0.112 0.243c63.468 129.74 194.499 217.51 346.030 217.51 212.077 0 384-171.923 384-384s-171.923-384-384-384c-113.597 0-215.674 49.327-285.979 127.729l-0.318 0.361h113.067c0.244-0.005 0.531-0.007 0.819-0.007 21.726 0 39.84 15.466 43.934 35.989l0.048 0.286c0.307 1.924 0.483 4.143 0.483 6.403 0 23.564-19.103 42.667-42.667 42.667-0.17 0-0.34-0.001-0.509-0.003l0.026 0h-213.333c-23.564 0-42.667-19.103-42.667-42.667v0-211.2c-0.005-0.244-0.007-0.531-0.007-0.819 0-21.726 15.466-39.84 35.989-43.934l0.286-0.048c1.924-0.307 4.143-0.483 6.403-0.483 23.564 0 42.667 19.103 42.667 42.667 0 0.17-0.001 0.34-0.003 0.509l0-0.026v104.533c85.767-90.732 206.955-147.207 341.333-147.207 259.206 0 469.333 210.128 469.333 469.333 0 0.003-0 0.005-0 0.008l0-0.001z"
            />
            <path
              d="M725.333 682.667c-0.223 0.005-0.486 0.008-0.749 0.008-7.696 0-14.832-2.397-20.703-6.486l0.118 0.078-234.667-140.8v-236.8c0-23.564 19.103-42.667 42.667-42.667s42.667 19.103 42.667 42.667v0 189.867l192 115.2c12.808 6.981 21.354 20.347 21.354 35.708 0 8.131-2.394 15.703-6.516 22.049l0.096-0.157c-6.984 12.799-20.345 21.337-35.7 21.337-0.199 0-0.398-0.001-0.597-0.004l0.030 0z"
            />
          </svg>
        </span>
      </td>
      <td
        class="emotion-26 emotion-23"
        color=""
      >
        <span>
          <svg
            class="emotion-32"
            data-testid="icon"
            height="1.25em"
            id="delete-group-icon-b"
            viewBox="0 0 1024 1024"
            width="1.25em"
          >
            <title>
              trash
            </title>
            <path
              d="M917.333 187.733c0.007 0.319 0.012 0.694 0.012 1.071 0 12.755-4.867 24.374-12.846 33.1l0.034-0.038c-6.696 7.89-16.62 12.864-27.706 12.864-0.76 0-1.515-0.023-2.264-0.069l0.103 0.005h-256c-23.564 0-42.667-19.103-42.667-42.667v0-42.667h-128v42.667c0 23.564-19.103 42.667-42.667 42.667v0h-253.867c-0.136 0.001-0.298 0.002-0.459 0.002-22.485 0-41.102-16.565-44.311-38.157l-0.030-0.245c-0.007-0.319-0.012-0.694-0.012-1.071 0-12.755 4.867-24.374 12.846-33.1l-0.034 0.038c6.696-7.89 16.62-12.864 27.706-12.864 0.76 0 1.515 0.023 2.264 0.069l-0.103-0.005h213.333v-42.667c0-23.564 19.103-42.667 42.667-42.667v0h213.333c23.564 0 42.667 19.103 42.667 42.667v0 42.667h211.2c0.136-0.001 0.298-0.002 0.459-0.002 22.485 0 41.102 16.565 44.311 38.157l0.030 0.245z"
            />
            <path
              d="M742.4 358.4l-51.2 516.267h-358.4l-51.2-516.267c-2.24-21.656-20.391-38.401-42.453-38.401-0.075 0-0.15 0-0.225 0.001l0.012-0c-0.064-0-0.139-0.001-0.214-0.001-23.564 0-42.667 19.103-42.667 42.667 0 1.503 0.078 2.988 0.229 4.45l-0.015-0.183 55.467 554.667c2.24 21.656 20.391 38.401 42.453 38.401 0.075 0 0.15-0 0.225-0.001l-0.012 0h435.2c0.064 0 0.139 0.001 0.214 0.001 22.062 0 40.213-16.744 42.437-38.218l0.015-0.183 55.467-554.667c0.136-1.28 0.214-2.764 0.214-4.267 0-23.564-19.103-42.667-42.667-42.667-0.075 0-0.15 0-0.226 0.001l0.012-0c-0.064-0-0.139-0.001-0.214-0.001-22.062 0-40.213 16.744-42.437 38.218l-0.015 0.183z"
            />
          </svg>
        </span>
      </td>
    </tr>
  </tbody>
</table>
`;
