// Jest Snapshot v1, https://goo.gl/fbAQLP

exports[`AddPolicyToRole should render 1`] = `
<div
  class="css-1j49gd8"
  data-testid="add-modal-message"
>
  <div
    autocomplete="off"
    class="css-vcd2ur"
    data-testid="add-rule-form"
  >
    <div
      class="css-y97ykc"
    >
      <label
        class="css-fc0mv0-input-label denali-input-label css-9xcde0"
        for="policy-name"
      >
        Policy Name
      </label>
      <div
        class="css-1xqce5"
      >
        <div
          class="css-dqae60-input denali-input animated css-fvi5z5"
          data-testid="input-wrapper"
        >
          <input
            autocomplete="off"
            data-testid="input-node"
            id="policy-name"
            name="policy-name"
            placeholder="Policy Name"
            value=""
          />
          <div
            class="message"
            data-testid="message"
          />
        </div>
      </div>
    </div>
    <div
      class="css-y97ykc"
    >
      <label
        class="css-fc0mv0-input-label denali-input-label css-9xcde0"
        for="rule-effect"
      >
        Rule Effect
      </label>
      <div
        class="css-1xqce5"
      >
        <div
          class="css-9o2u2w-button-group denali-radiobutton-group css-1ldveyy"
          data-testid="radiobuttongroup"
        >
          <div
            class="css-fe5os4-radiobutton denali-radiobutton"
            data-testid="radiobutton-wrapper"
          >
            <input
              checked=""
              id="radiobutton-rule-effect-radio-group-ALLOW"
              name="rule-effect-radio-group"
              type="radio"
              value="ALLOW"
            />
            <label
              for="radiobutton-rule-effect-radio-group-ALLOW"
            >
              Allow
            </label>
          </div>
          <div
            class="css-fe5os4-radiobutton denali-radiobutton"
            data-testid="radiobutton-wrapper"
          >
            <input
              id="radiobutton-rule-effect-radio-group-DENY"
              name="rule-effect-radio-group"
              type="radio"
              value="DENY"
            />
            <label
              for="radiobutton-rule-effect-radio-group-DENY"
            >
              Deny
            </label>
          </div>
        </div>
      </div>
    </div>
    <div
      class="css-y97ykc"
    >
      <label
        class="css-fc0mv0-input-label denali-input-label css-9xcde0"
        for="rule-action"
      >
        Rule Action
      </label>
      <div
        class="css-1xqce5"
      >
        <div
          class="css-dqae60-input denali-input animated css-fvi5z5"
          data-testid="input-wrapper"
        >
          <input
            autocomplete="off"
            data-testid="input-node"
            id="rule-action"
            name="rule-action"
            placeholder="Rule Action"
            value=""
          />
          <div
            class="message"
            data-testid="message"
          />
        </div>
      </div>
    </div>
    <div
      class="css-y97ykc"
    >
      <label
        class="css-fc0mv0-input-label denali-input-label css-9xcde0"
        for="rule-resource"
      >
        Rule Resource
      </label>
      <div
        class="css-1xqce5"
      >
        <div
          class="css-dqae60-input denali-input animated css-fvi5z5"
          data-testid="input-wrapper"
        >
          <input
            autocomplete="off"
            data-testid="input-node"
            id="rule-resource"
            name="rule-resource"
            value=""
          />
          <div
            class="message"
            data-testid="message"
          />
        </div>
      </div>
    </div>
  </div>
</div>
`;

exports[`AddPolicyToRole should render fail to submit policy name is required 1`] = `
<div
  class="css-1j49gd8"
  data-testid="add-modal-message"
>
  <div
    autocomplete="off"
    class="css-vcd2ur"
    data-testid="add-rule-form"
  >
    <div
      class="css-y97ykc"
    >
      <label
        class="css-fc0mv0-input-label denali-input-label css-9xcde0"
        for="policy-name"
      >
        Policy Name
      </label>
      <div
        class="css-1xqce5"
      >
        <div
          class="css-dqae60-input denali-input animated css-fvi5z5"
          data-testid="input-wrapper"
        >
          <input
            autocomplete="off"
            data-testid="input-node"
            id="policy-name"
            name="policy-name"
            placeholder="Policy Name"
            value=""
          />
          <div
            class="message"
            data-testid="message"
          />
        </div>
      </div>
    </div>
    <div
      class="css-y97ykc"
    >
      <label
        class="css-fc0mv0-input-label denali-input-label css-9xcde0"
        for="rule-effect"
      >
        Rule Effect
      </label>
      <div
        class="css-1xqce5"
      >
        <div
          class="css-9o2u2w-button-group denali-radiobutton-group css-1ldveyy"
          data-testid="radiobuttongroup"
        >
          <div
            class="css-fe5os4-radiobutton denali-radiobutton"
            data-testid="radiobutton-wrapper"
          >
            <input
              checked=""
              id="radiobutton-rule-effect-radio-group-ALLOW"
              name="rule-effect-radio-group"
              type="radio"
              value="ALLOW"
            />
            <label
              for="radiobutton-rule-effect-radio-group-ALLOW"
            >
              Allow
            </label>
          </div>
          <div
            class="css-fe5os4-radiobutton denali-radiobutton"
            data-testid="radiobutton-wrapper"
          >
            <input
              id="radiobutton-rule-effect-radio-group-DENY"
              name="rule-effect-radio-group"
              type="radio"
              value="DENY"
            />
            <label
              for="radiobutton-rule-effect-radio-group-DENY"
            >
              Deny
            </label>
          </div>
        </div>
      </div>
    </div>
    <div
      class="css-y97ykc"
    >
      <label
        class="css-fc0mv0-input-label denali-input-label css-9xcde0"
        for="rule-action"
      >
        Rule Action
      </label>
      <div
        class="css-1xqce5"
      >
        <div
          class="css-dqae60-input denali-input animated css-fvi5z5"
          data-testid="input-wrapper"
        >
          <input
            autocomplete="off"
            data-testid="input-node"
            id="rule-action"
            name="rule-action"
            placeholder="Rule Action"
            value=""
          />
          <div
            class="message"
            data-testid="message"
          />
        </div>
      </div>
    </div>
    <div
      class="css-y97ykc"
    >
      <label
        class="css-fc0mv0-input-label denali-input-label css-9xcde0"
        for="rule-resource"
      >
        Rule Resource
      </label>
      <div
        class="css-1xqce5"
      >
        <div
          class="css-dqae60-input denali-input animated css-fvi5z5"
          data-testid="input-wrapper"
        >
          <input
            autocomplete="off"
            data-testid="input-node"
            id="rule-resource"
            name="rule-resource"
            value=""
          />
          <div
            class="message"
            data-testid="message"
          />
        </div>
      </div>
    </div>
  </div>
</div>
`;

exports[`AddPolicyToRole should render failed to submit action is required 1`] = `
<div
  class="css-1j49gd8"
  data-testid="add-modal-message"
>
  <div
    autocomplete="off"
    class="css-vcd2ur"
    data-testid="add-rule-form"
  >
    <div
      class="css-y97ykc"
    >
      <label
        class="css-fc0mv0-input-label denali-input-label css-9xcde0"
        for="policy-name"
      >
        Policy Name
      </label>
      <div
        class="css-1xqce5"
      >
        <div
          class="css-dqae60-input denali-input animated css-fvi5z5"
          data-testid="input-wrapper"
        >
          <input
            autocomplete="off"
            data-testid="input-node"
            id="policy-name"
            name="policy-name"
            placeholder="Policy Name"
            value=""
          />
          <div
            class="message"
            data-testid="message"
          />
        </div>
      </div>
    </div>
    <div
      class="css-y97ykc"
    >
      <label
        class="css-fc0mv0-input-label denali-input-label css-9xcde0"
        for="rule-effect"
      >
        Rule Effect
      </label>
      <div
        class="css-1xqce5"
      >
        <div
          class="css-9o2u2w-button-group denali-radiobutton-group css-1ldveyy"
          data-testid="radiobuttongroup"
        >
          <div
            class="css-fe5os4-radiobutton denali-radiobutton"
            data-testid="radiobutton-wrapper"
          >
            <input
              checked=""
              id="radiobutton-rule-effect-radio-group-ALLOW"
              name="rule-effect-radio-group"
              type="radio"
              value="ALLOW"
            />
            <label
              for="radiobutton-rule-effect-radio-group-ALLOW"
            >
              Allow
            </label>
          </div>
          <div
            class="css-fe5os4-radiobutton denali-radiobutton"
            data-testid="radiobutton-wrapper"
          >
            <input
              id="radiobutton-rule-effect-radio-group-DENY"
              name="rule-effect-radio-group"
              type="radio"
              value="DENY"
            />
            <label
              for="radiobutton-rule-effect-radio-group-DENY"
            >
              Deny
            </label>
          </div>
        </div>
      </div>
    </div>
    <div
      class="css-y97ykc"
    >
      <label
        class="css-fc0mv0-input-label denali-input-label css-9xcde0"
        for="rule-action"
      >
        Rule Action
      </label>
      <div
        class="css-1xqce5"
      >
        <div
          class="css-dqae60-input denali-input animated css-fvi5z5"
          data-testid="input-wrapper"
        >
          <input
            autocomplete="off"
            data-testid="input-node"
            id="rule-action"
            name="rule-action"
            placeholder="Rule Action"
            value=""
          />
          <div
            class="message"
            data-testid="message"
          />
        </div>
      </div>
    </div>
    <div
      class="css-y97ykc"
    >
      <label
        class="css-fc0mv0-input-label denali-input-label css-9xcde0"
        for="rule-resource"
      >
        Rule Resource
      </label>
      <div
        class="css-1xqce5"
      >
        <div
          class="css-dqae60-input denali-input animated css-fvi5z5"
          data-testid="input-wrapper"
        >
          <input
            autocomplete="off"
            data-testid="input-node"
            id="rule-resource"
            name="rule-resource"
            value=""
          />
          <div
            class="message"
            data-testid="message"
          />
        </div>
      </div>
    </div>
  </div>
</div>
`;
