// Jest Snapshot v1, https://goo.gl/fbAQLP

exports[`PolicyRow should render 1`] = `
.emotion-2 {
  fill: #188fff;
  cursor: pointer;
  vertical-align: text-bottom;
}

.emotion-0 {
  background-color: #3570f40D;
  text-align: left;
  padding: 5px 0 5px 15px;
  vertical-align: middle;
  word-break: break-all;
}

.emotion-3 {
  background-color: #3570f40D;
  text-align: center;
  padding: 5px 0 5px 15px;
  vertical-align: middle;
  word-break: break-all;
}

<tr
  data-testid="policy-row"
>
  <td
    class="emotion-0"
    color="#3570f40D"
  >
    sections
  </td>
  <td
    class="emotion-0"
    color="#3570f40D"
  >
    Invalid date
  </td>
  <td
    class="emotion-3"
    color="#3570f40D"
  >
    <svg
      class="emotion-2"
      data-testid="icon"
      height="1.25em"
      viewBox="0 0 1024 1024"
      width="1.25em"
    >
      <title>
        list-check
      </title>
      <path
        d="M512 256v0c0-23.564 19.103-42.667 42.667-42.667v0h341.333c23.564 0 42.667 19.103 42.667 42.667v0 0c0 23.564-19.103 42.667-42.667 42.667v0h-341.333c-23.564 0-42.667-19.103-42.667-42.667v0zM554.667 554.667h341.333c23.564 0 42.667-19.103 42.667-42.667v0 0c0-23.564-19.103-42.667-42.667-42.667v0h-341.333c-23.564 0-42.667 19.103-42.667 42.667v0 0c0 23.564 19.103 42.667 42.667 42.667v0zM554.667 810.667h341.333c23.564 0 42.667-19.103 42.667-42.667v0 0c0-23.564-19.103-42.667-42.667-42.667v0h-341.333c-23.564 0-42.667 19.103-42.667 42.667v0 0c0 23.564 19.103 42.667 42.667 42.667v0zM213.333 554.667h42.667c23.564 0 42.667-19.103 42.667-42.667v0 0c0-23.564-19.103-42.667-42.667-42.667v0h-42.667c-23.564 0-42.667 19.103-42.667 42.667v0 0c0 23.564 19.103 42.667 42.667 42.667v0zM213.333 810.667h42.667c23.564 0 42.667-19.103 42.667-42.667v0 0c0-23.564-19.103-42.667-42.667-42.667v0h-42.667c-23.564 0-42.667 19.103-42.667 42.667v0 0c0 23.564 19.103 42.667 42.667 42.667v0zM264.533 328.533l213.333-213.333c8.083-7.434 13.13-18.061 13.13-29.867s-5.047-22.432-13.101-29.84l-0.029-0.026c-7.434-8.083-18.061-13.13-29.867-13.13s-22.432 5.047-29.84 13.101l-0.026 0.029-183.467 183.467-55.467-55.467c-7.461-8.401-18.291-13.668-30.351-13.668-13.957 0-26.267 7.055-33.558 17.793l-0.091 0.142c-5.319 7.276-8.51 16.4-8.51 26.27 0 12.199 4.876 23.259 12.785 31.338l-0.008-0.008 85.333 83.2c7.434 8.083 18.061 13.13 29.867 13.13s22.432-5.047 29.84-13.101l0.026-0.029z"
      />
    </svg>
  </td>
  <td
    class="emotion-3"
    color="#3570f40D"
  >
    <svg
      class="emotion-2"
      data-testid="icon"
      height="1.25em"
      viewBox="0 0 1024 1024"
      width="1.25em"
    >
      <title>
        trash
      </title>
      <path
        d="M917.333 187.733c0.007 0.319 0.012 0.694 0.012 1.071 0 12.755-4.867 24.374-12.846 33.1l0.034-0.038c-6.696 7.89-16.62 12.864-27.706 12.864-0.76 0-1.515-0.023-2.264-0.069l0.103 0.005h-256c-23.564 0-42.667-19.103-42.667-42.667v0-42.667h-128v42.667c0 23.564-19.103 42.667-42.667 42.667v0h-253.867c-0.136 0.001-0.298 0.002-0.459 0.002-22.485 0-41.102-16.565-44.311-38.157l-0.030-0.245c-0.007-0.319-0.012-0.694-0.012-1.071 0-12.755 4.867-24.374 12.846-33.1l-0.034 0.038c6.696-7.89 16.62-12.864 27.706-12.864 0.76 0 1.515 0.023 2.264 0.069l-0.103-0.005h213.333v-42.667c0-23.564 19.103-42.667 42.667-42.667v0h213.333c23.564 0 42.667 19.103 42.667 42.667v0 42.667h211.2c0.136-0.001 0.298-0.002 0.459-0.002 22.485 0 41.102 16.565 44.311 38.157l0.030 0.245z"
      />
      <path
        d="M742.4 358.4l-51.2 516.267h-358.4l-51.2-516.267c-2.24-21.656-20.391-38.401-42.453-38.401-0.075 0-0.15 0-0.225 0.001l0.012-0c-0.064-0-0.139-0.001-0.214-0.001-23.564 0-42.667 19.103-42.667 42.667 0 1.503 0.078 2.988 0.229 4.45l-0.015-0.183 55.467 554.667c2.24 21.656 20.391 38.401 42.453 38.401 0.075 0 0.15-0 0.225-0.001l-0.012 0h435.2c0.064 0 0.139 0.001 0.214 0.001 22.062 0 40.213-16.744 42.437-38.218l0.015-0.183 55.467-554.667c0.136-1.28 0.214-2.764 0.214-4.267 0-23.564-19.103-42.667-42.667-42.667-0.075 0-0.15 0-0.226 0.001l0.012-0c-0.064-0-0.139-0.001-0.214-0.001-22.062 0-40.213 16.744-42.437 38.218l-0.015 0.183z"
      />
    </svg>
  </td>
</tr>
`;
