// Jest Snapshot v1, https://goo.gl/fbAQLP

exports[`RuleRow should render 1`] = `
.emotion-2 {
  background-color: #3570f40D;
  text-align: left;
  padding: 5px 0 5px 15px;
  vertical-align: middle;
  word-break: break-all;
}

.emotion-8 {
  background-color: #3570f40D;
  text-align: left;
  padding: 5px 0 5px 15px;
  vertical-align: middle;
  word-break: break-all;
  -webkit-text-decoration: dashed underline;
  text-decoration: dashed underline;
}

.emotion-10 {
  fill: #188fff;
  cursor: pointer;
  vertical-align: text-bottom;
}

.emotion-15 {
  background-color: #3570f40D;
  text-align: center;
  padding: 5px 0 5px 15px;
  vertical-align: middle;
  word-break: break-all;
  -webkit-text-decoration: dashed underline;
  text-decoration: dashed underline;
}

.emotion-18 {
  background-color: #3570f40D;
  text-align: center;
  padding: 5px 0 5px 15px;
  vertical-align: middle;
  word-break: break-all;
}

<tr
  class="emotion-0 emotion-1"
  data-testid="segmentation-row"
>
  <td
    class="emotion-2 emotion-3"
    color="#3570f40D"
  />
  <td
    class="emotion-2 emotion-3"
    color="#3570f40D"
  />
  <td
    class="emotion-2 emotion-3"
    color="#3570f40D"
  >
    2222
  </td>
  <td
    class="emotion-8 emotion-9"
    color="#3570f40D"
  >
    <span>
      <svg
        class="emotion-10"
        data-testid="icon"
        height="1.25em"
        viewBox="0 0 1024 1024"
        width="1.25em"
      >
        <title>
          service-setting
        </title>
        <path
          d="M612.267 401.067l-38.4 61.867 29.867 29.867 61.867-38.4 21.333 8.533 17.067 70.4h42.667l17.067-70.4 21.333-8.533 61.867 38.4 29.867-29.867-38.4-61.867c3.496-6.133 6.416-13.229 8.393-20.708l0.14-0.625 70.4-17.067v-42.667l-70.4-17.067c-2.117-8.104-5.037-15.2-8.765-21.778l0.232 0.445 38.4-61.867-29.867-29.867-61.867 38.4-21.333-8.533-17.067-70.4h-42.667l-17.067 70.4-21.333 8.533-61.867-38.4-29.867 29.867 38.4 61.867c-3.496 6.133-6.416 13.229-8.393 20.708l-0.14 0.625-70.4 17.067v42.667l70.4 17.067c2.117 8.104 5.037 15.2 8.765 21.778l-0.232-0.445zM725.333 298.667c23.564 0 42.667 19.103 42.667 42.667s-19.103 42.667-42.667 42.667c-23.564 0-42.667-19.103-42.667-42.667v0c0-23.564 19.103-42.667 42.667-42.667v0z"
        />
        <path
          d="M900.267 612.267c-18.864-15.311-43.169-24.582-69.64-24.582-5.536 0-10.978 0.406-16.297 1.189l0.603-0.073-211.2 38.4c0.002-0.241 0.003-0.525 0.003-0.81 0-27.37-11.454-52.065-29.83-69.553l-0.040-0.038-151.467-151.467h-315.733c-23.564 0-42.667 19.103-42.667 42.667s19.103 42.667 42.667 42.667v0h281.6l125.867 125.867c3.276 3.276 5.302 7.801 5.302 12.8 0 9.997-8.105 18.102-18.102 18.102-4.999 0-9.524-2.026-12.8-5.302l-74.667-74.667c-7.042-5.327-15.947-8.533-25.6-8.533-23.564 0-42.667 19.103-42.667 42.667 0 9.653 3.206 18.558 8.611 25.707l-0.078-0.107 74.667 74.667c17.528 18.44 42.239 29.911 69.629 29.911 1.021 0 2.039-0.016 3.052-0.048l-0.148 0.004c13.761-0.062 26.955-2.401 39.254-6.657l-0.854 0.257 290.133-51.2c1.148-0.219 2.469-0.345 3.82-0.345 5.025 0 9.645 1.738 13.29 4.645l-0.043-0.033c3.941 3.531 6.41 8.637 6.41 14.32 0 0.216-0.004 0.431-0.011 0.645l0.001-0.031c0.003 0.128 0.004 0.279 0.004 0.43 0 10.273-7.262 18.851-16.932 20.879l-0.139 0.024-396.8 72.533-232.533-189.867h-100.267c-23.564 0-42.667 19.103-42.667 42.667s19.103 42.667 42.667 42.667v0h70.4l236.8 194.133 437.333-78.933c49.475-9.916 86.226-53.011 86.226-104.69 0-32.293-14.35-61.234-37.022-80.794l-0.138-0.116z"
        />
      </svg>
    </span>
  </td>
  <td
    class="emotion-2 emotion-3"
    color="#3570f40D"
  >
    1111
  </td>
  <td
    class="emotion-2 emotion-3"
    color="#3570f40D"
  >
    tcp
  </td>
  <td
    class="emotion-15 emotion-9"
    color="#3570f40D"
  >
    <span>
      <svg
        class="emotion-10"
        data-testid="icon"
        height="1.25em"
        viewBox="0 0 1024 1024"
        width="1.25em"
      >
        <title>
          network-resource
        </title>
        <path
          d="M170.667 213.333h388.267l29.867 29.867-55.467 55.467h170.667v-170.667l-55.467 55.467-55.467-55.467h-422.4c-23.564 0-42.667 19.103-42.667 42.667s19.103 42.667 42.667 42.667v0z"
        />
        <path
          d="M588.8 780.8l-29.867 29.867h-388.267c-23.564 0-42.667 19.103-42.667 42.667s19.103 42.667 42.667 42.667v0h422.4l55.467-55.467 55.467 55.467v-170.667h-170.667z"
        />
        <path
          d="M170.667 554.667h256v85.333l128-128-128-128v85.333h-256c-23.564 0-42.667 19.103-42.667 42.667s19.103 42.667 42.667 42.667v0z"
        />
        <path
          d="M768 341.333c-94.257 0-170.667 76.41-170.667 170.667s76.41 170.667 170.667 170.667c94.257 0 170.667-76.41 170.667-170.667v0c0-94.257-76.41-170.667-170.667-170.667v0zM768 597.333c-47.128 0-85.333-38.205-85.333-85.333s38.205-85.333 85.333-85.333c47.128 0 85.333 38.205 85.333 85.333v0c0 47.128-38.205 85.333-85.333 85.333v0z"
        />
      </svg>
    </span>
  </td>
  <td
    class="emotion-18 emotion-3"
    color="#3570f40D"
  >
    <span>
      <svg
        class="emotion-10"
        data-testid="icon"
        height="1.25em"
        viewBox="0 0 1024 1024"
        width="1.25em"
      >
        <title>
          pencil
        </title>
        <path
          d="M925.867 401.067l-300.8-302.933c-7.434-8.083-18.061-13.13-29.867-13.13s-22.432 5.047-29.84 13.101l-0.026 0.029-467.2 467.2c-7.763 7.612-12.628 18.155-12.8 29.835l-0 0.032v300.8c0 23.564 19.103 42.667 42.667 42.667v0h300.8c11.712-0.172 22.255-5.037 29.86-12.793l0.007-0.007 467.2-465.067c8.083-7.434 13.13-18.061 13.13-29.867s-5.047-22.432-13.101-29.84l-0.029-0.026zM411.733 853.333h-241.067v-241.067l266.667-264.533 238.933 241.067zM738.133 529.067l-241.067-241.067 98.133-100.267 241.067 243.2z"
        />
      </svg>
    </span>
  </td>
  
  <td
    class="emotion-18 emotion-3"
    color="#3570f40D"
  >
    <span>
      <svg
        class="emotion-10"
        data-testid="icon"
        height="1.25em"
        viewBox="0 0 1024 1024"
        width="1.25em"
      >
        <title>
          trash
        </title>
        <path
          d="M917.333 187.733c0.007 0.319 0.012 0.694 0.012 1.071 0 12.755-4.867 24.374-12.846 33.1l0.034-0.038c-6.696 7.89-16.62 12.864-27.706 12.864-0.76 0-1.515-0.023-2.264-0.069l0.103 0.005h-256c-23.564 0-42.667-19.103-42.667-42.667v0-42.667h-128v42.667c0 23.564-19.103 42.667-42.667 42.667v0h-253.867c-0.136 0.001-0.298 0.002-0.459 0.002-22.485 0-41.102-16.565-44.311-38.157l-0.030-0.245c-0.007-0.319-0.012-0.694-0.012-1.071 0-12.755 4.867-24.374 12.846-33.1l-0.034 0.038c6.696-7.89 16.62-12.864 27.706-12.864 0.76 0 1.515 0.023 2.264 0.069l-0.103-0.005h213.333v-42.667c0-23.564 19.103-42.667 42.667-42.667v0h213.333c23.564 0 42.667 19.103 42.667 42.667v0 42.667h211.2c0.136-0.001 0.298-0.002 0.459-0.002 22.485 0 41.102 16.565 44.311 38.157l0.030 0.245z"
        />
        <path
          d="M742.4 358.4l-51.2 516.267h-358.4l-51.2-516.267c-2.24-21.656-20.391-38.401-42.453-38.401-0.075 0-0.15 0-0.225 0.001l0.012-0c-0.064-0-0.139-0.001-0.214-0.001-23.564 0-42.667 19.103-42.667 42.667 0 1.503 0.078 2.988 0.229 4.45l-0.015-0.183 55.467 554.667c2.24 21.656 20.391 38.401 42.453 38.401 0.075 0 0.15-0 0.225-0.001l-0.012 0h435.2c0.064 0 0.139 0.001 0.214 0.001 22.062 0 40.213-16.744 42.437-38.218l0.015-0.183 55.467-554.667c0.136-1.28 0.214-2.764 0.214-4.267 0-23.564-19.103-42.667-42.667-42.667-0.075 0-0.15 0-0.226 0.001l0.012-0c-0.064-0-0.139-0.001-0.214-0.001-22.062 0-40.213 16.744-42.437 38.218l-0.015 0.183z"
        />
      </svg>
    </span>
  </td>
</tr>
`;
