// Jest Snapshot v1, https://goo.gl/fbAQLP

exports[`MemberTable should render member table 1`] = `
.emotion-0 {
  width: 100%;
  border-spacing: 0;
  display: table;
  border-collapse: separate;
  border-color: grey;
  box-sizing: border-box;
  margin-top: 5px;
  box-shadow: 0 1px 4px #d9d9d9;
  border: 1px solid #fff;
  -webkit-border-image: none;
  border-image: none;
  -webkit-border-image: initial;
  border-image: initial;
  height: 50px;
}

.emotion-2 {
  height: 25px;
  margin-left: 10px;
  margin-top: 10px;
  text-align: left;
  padding: 5px 0 5px 15px;
  vertical-align: middle;
  font-weight: lighter;
  word-break: break-all;
  display: block;
}

.emotion-4 {
  margin-right: 10px;
  verticalalign: bottom;
}

.emotion-6 {
  fill: #188fff;
  cursor: pointer;
  vertical-align: text-bottom;
}

.emotion-7 {
  text-align: left;
  width: 26%;
  border-bottom: 2px solid #d5d5d5;
  color: #9a9a9a;
  font-weight: 600;
  padding-bottom: 5px;
  vertical-align: top;
  text-transform: uppercase;
  padding: 5px 0 5px 35px;
  word-break: break-all;
}

.emotion-9 {
  text-align: left;
  width: 26%;
  border-bottom: 2px solid #d5d5d5;
  color: #9a9a9a;
  font-weight: 600;
  padding-bottom: 5px;
  vertical-align: top;
  text-transform: uppercase;
  padding: 5px 0 5px 15px;
  word-break: break-all;
}

.emotion-13 {
  text-align: left;
  width: 40%;
  border-bottom: 2px solid #d5d5d5;
  color: #9a9a9a;
  font-weight: 600;
  padding-bottom: 5px;
  vertical-align: top;
  text-transform: uppercase;
  padding: 5px 0 5px 15px;
  word-break: break-all;
}

.emotion-15 {
  text-align: center;
  width: 8%;
  border-bottom: 2px solid #d5d5d5;
  color: #9a9a9a;
  font-weight: 600;
  padding-bottom: 5px;
  vertical-align: top;
  text-transform: uppercase;
  padding: 5px 0 5px 15px;
  word-break: break-all;
}

.emotion-19 {
  background-color: #3570f40D;
  text-align: left;
  padding: 5px 0 5px 15px;
  vertical-align: middle;
  word-break: break-all;
}

.emotion-25 {
  display: -webkit-box;
  display: -webkit-flex;
  display: -ms-flexbox;
  display: flex;
  -webkit-column-gap: 10px;
  column-gap: 10px;
}

.emotion-33 {
  background-color: #3570f40D;
  text-align: center;
  padding: 5px 0 5px 15px;
  vertical-align: middle;
  word-break: break-all;
}

.emotion-38 {
  text-align: left;
  padding: 5px 0 5px 15px;
  vertical-align: middle;
  word-break: break-all;
}

.emotion-52 {
  text-align: center;
  padding: 5px 0 5px 15px;
  vertical-align: middle;
  word-break: break-all;
}

<table
  class="emotion-0 emotion-1"
  data-testid="member-table"
>
  <thead>
    <tr>
      <th
        class="emotion-2 emotion-3"
      >
        <span
          class="emotion-4 emotion-5"
        >
          <svg
            class="emotion-6"
            data-testid="icon"
            height="1.25em"
            id=""
            viewBox="0 0 1024 1024"
            width="1.25em"
          >
            <title>
              arrowhead-up-circle-solid
            </title>
            <path
              d="M512 42.667c-259.206 0-469.333 210.128-469.333 469.333s210.128 469.333 469.333 469.333c259.206 0 469.333-210.128 469.333-469.333v0c0.003-0.635 0.005-1.387 0.005-2.138 0-258.027-209.173-467.2-467.2-467.2-0.752 0-1.504 0.002-2.255 0.005l0.117-0zM718.933 601.6c-9.129 9.862-21.88 16.257-36.127 17.060l-0.14 0.006h-341.333c-14.386-0.81-27.138-7.205-36.235-17.032l-0.032-0.035c-4.299-6.754-6.851-14.984-6.851-23.81 0-13.46 5.936-25.533 15.332-33.745l0.053-0.045 168.533-168.533c7.434-8.083 18.061-13.13 29.867-13.13s22.432 5.047 29.84 13.101l0.026 0.029 168.533 168.533c9.449 8.257 15.384 20.33 15.384 33.79 0 8.826-2.552 17.056-6.959 23.992l0.108-0.182z"
            />
          </svg>
        </span>
        Approved (4)
      </th>
    </tr>
    <tr>
      <th
        class="emotion-7 emotion-8"
        width="26"
      >
        User Name
      </th>
      <th
        class="emotion-9 emotion-10"
        width="26"
      >
        Name of User
      </th>
      <th
        class="emotion-9 emotion-10"
        width="26"
      >
        Expiration Date
      </th>
      <th
        class="emotion-13 emotion-10"
        width="40"
      >
        Review Reminder Date
      </th>
      <th
        class="emotion-15 emotion-10"
        width="8"
      >
        Delete
      </th>
    </tr>
  </thead>
  <tbody>
    <tr
      class="emotion-17 emotion-18"
      data-testid="member-row"
    >
      <td
        class="emotion-19 emotion-20"
        color="#3570f40D"
      >
        user1
      </td>
      <td
        class="emotion-19 emotion-20"
        color="#3570f40D"
      />
      <td
        class="emotion-19 emotion-20"
        color="#3570f40D"
      >
        <div
          class="emotion-25 emotion-26"
        >
          N/A
          <span>
            <svg
              class="emotion-6"
              data-testid="icon"
              height="1.25em"
              id=""
              viewBox="0 0 1024 1024"
              width="1.25em"
            >
              <title>
                edit
              </title>
              <path
                d="M926.293 400.427l-301.013-302.507c-7.73-7.775-18.433-12.587-30.26-12.587-0.012 0-0.024 0-0.036 0l0.002-0c-0.104-0.001-0.228-0.001-0.351-0.001-11.554 0-22.002 4.734-29.51 12.369l-0.006 0.006-467.413 467.413c-7.647 7.709-12.373 18.325-12.373 30.046 0 0.012 0 0.024 0 0.036l-0-0.002v300.8c0 23.564 19.103 42.667 42.667 42.667v0h300.8c0.010 0 0.022 0 0.034 0 11.721 0 22.337-4.726 30.049-12.376l-0.003 0.003 467.2-465.92c7.668-7.712 12.409-18.343 12.409-30.081 0-11.631-4.654-22.176-12.202-29.872l0.007 0.007zM411.093 853.333h-240.427v-240.427l265.6-265.6 240.853 240.853zM737.493 528l-240.853-241.067 98.347-98.347 240.64 241.707z"
              />
            </svg>
          </span>
        </div>
      </td>
      <td
        class="emotion-19 emotion-20"
        color="#3570f40D"
      >
        <div
          class="emotion-25 emotion-26"
        >
          N/A
          <span>
            <svg
              class="emotion-6"
              data-testid="icon"
              height="1.25em"
              id=""
              viewBox="0 0 1024 1024"
              width="1.25em"
            >
              <title>
                edit
              </title>
              <path
                d="M926.293 400.427l-301.013-302.507c-7.73-7.775-18.433-12.587-30.26-12.587-0.012 0-0.024 0-0.036 0l0.002-0c-0.104-0.001-0.228-0.001-0.351-0.001-11.554 0-22.002 4.734-29.51 12.369l-0.006 0.006-467.413 467.413c-7.647 7.709-12.373 18.325-12.373 30.046 0 0.012 0 0.024 0 0.036l-0-0.002v300.8c0 23.564 19.103 42.667 42.667 42.667v0h300.8c0.010 0 0.022 0 0.034 0 11.721 0 22.337-4.726 30.049-12.376l-0.003 0.003 467.2-465.92c7.668-7.712 12.409-18.343 12.409-30.081 0-11.631-4.654-22.176-12.202-29.872l0.007 0.007zM411.093 853.333h-240.427v-240.427l265.6-265.6 240.853 240.853zM737.493 528l-240.853-241.067 98.347-98.347 240.64 241.707z"
              />
            </svg>
          </span>
        </div>
      </td>
      <td
        class="emotion-33 emotion-20"
        color="#3570f40D"
      >
        <span>
          <svg
            class="emotion-6"
            data-testid="icon"
            height="1.25em"
            id=""
            viewBox="0 0 1024 1024"
            width="1.25em"
          >
            <title>
              trash
            </title>
            <path
              d="M917.333 187.733c0.007 0.319 0.012 0.694 0.012 1.071 0 12.755-4.867 24.374-12.846 33.1l0.034-0.038c-6.696 7.89-16.62 12.864-27.706 12.864-0.76 0-1.515-0.023-2.264-0.069l0.103 0.005h-256c-23.564 0-42.667-19.103-42.667-42.667v0-42.667h-128v42.667c0 23.564-19.103 42.667-42.667 42.667v0h-253.867c-0.136 0.001-0.298 0.002-0.459 0.002-22.485 0-41.102-16.565-44.311-38.157l-0.030-0.245c-0.007-0.319-0.012-0.694-0.012-1.071 0-12.755 4.867-24.374 12.846-33.1l-0.034 0.038c6.696-7.89 16.62-12.864 27.706-12.864 0.76 0 1.515 0.023 2.264 0.069l-0.103-0.005h213.333v-42.667c0-23.564 19.103-42.667 42.667-42.667v0h213.333c23.564 0 42.667 19.103 42.667 42.667v0 42.667h211.2c0.136-0.001 0.298-0.002 0.459-0.002 22.485 0 41.102 16.565 44.311 38.157l0.030 0.245z"
            />
            <path
              d="M742.4 358.4l-51.2 516.267h-358.4l-51.2-516.267c-2.24-21.656-20.391-38.401-42.453-38.401-0.075 0-0.15 0-0.225 0.001l0.012-0c-0.064-0-0.139-0.001-0.214-0.001-23.564 0-42.667 19.103-42.667 42.667 0 1.503 0.078 2.988 0.229 4.45l-0.015-0.183 55.467 554.667c2.24 21.656 20.391 38.401 42.453 38.401 0.075 0 0.15-0 0.225-0.001l-0.012 0h435.2c0.064 0 0.139 0.001 0.214 0.001 22.062 0 40.213-16.744 42.437-38.218l0.015-0.183 55.467-554.667c0.136-1.28 0.214-2.764 0.214-4.267 0-23.564-19.103-42.667-42.667-42.667-0.075 0-0.15 0-0.226 0.001l0.012-0c-0.064-0-0.139-0.001-0.214-0.001-22.062 0-40.213 16.744-42.437 38.218l-0.015 0.183z"
            />
          </svg>
        </span>
      </td>
    </tr>
    <tr
      class="emotion-17 emotion-18"
      data-testid="member-row"
    >
      <td
        class="emotion-38 emotion-20"
        color=""
      >
        user2
      </td>
      <td
        class="emotion-38 emotion-20"
        color=""
      />
      <td
        class="emotion-38 emotion-20"
        color=""
      >
        <div
          class="emotion-25 emotion-26"
        >
          N/A
          <span>
            <svg
              class="emotion-6"
              data-testid="icon"
              height="1.25em"
              id=""
              viewBox="0 0 1024 1024"
              width="1.25em"
            >
              <title>
                edit
              </title>
              <path
                d="M926.293 400.427l-301.013-302.507c-7.73-7.775-18.433-12.587-30.26-12.587-0.012 0-0.024 0-0.036 0l0.002-0c-0.104-0.001-0.228-0.001-0.351-0.001-11.554 0-22.002 4.734-29.51 12.369l-0.006 0.006-467.413 467.413c-7.647 7.709-12.373 18.325-12.373 30.046 0 0.012 0 0.024 0 0.036l-0-0.002v300.8c0 23.564 19.103 42.667 42.667 42.667v0h300.8c0.010 0 0.022 0 0.034 0 11.721 0 22.337-4.726 30.049-12.376l-0.003 0.003 467.2-465.92c7.668-7.712 12.409-18.343 12.409-30.081 0-11.631-4.654-22.176-12.202-29.872l0.007 0.007zM411.093 853.333h-240.427v-240.427l265.6-265.6 240.853 240.853zM737.493 528l-240.853-241.067 98.347-98.347 240.64 241.707z"
              />
            </svg>
          </span>
        </div>
      </td>
      <td
        class="emotion-38 emotion-20"
        color=""
      >
        <div
          class="emotion-25 emotion-26"
        >
          N/A
          <span>
            <svg
              class="emotion-6"
              data-testid="icon"
              height="1.25em"
              id=""
              viewBox="0 0 1024 1024"
              width="1.25em"
            >
              <title>
                edit
              </title>
              <path
                d="M926.293 400.427l-301.013-302.507c-7.73-7.775-18.433-12.587-30.26-12.587-0.012 0-0.024 0-0.036 0l0.002-0c-0.104-0.001-0.228-0.001-0.351-0.001-11.554 0-22.002 4.734-29.51 12.369l-0.006 0.006-467.413 467.413c-7.647 7.709-12.373 18.325-12.373 30.046 0 0.012 0 0.024 0 0.036l-0-0.002v300.8c0 23.564 19.103 42.667 42.667 42.667v0h300.8c0.010 0 0.022 0 0.034 0 11.721 0 22.337-4.726 30.049-12.376l-0.003 0.003 467.2-465.92c7.668-7.712 12.409-18.343 12.409-30.081 0-11.631-4.654-22.176-12.202-29.872l0.007 0.007zM411.093 853.333h-240.427v-240.427l265.6-265.6 240.853 240.853zM737.493 528l-240.853-241.067 98.347-98.347 240.64 241.707z"
              />
            </svg>
          </span>
        </div>
      </td>
      <td
        class="emotion-52 emotion-20"
        color=""
      >
        <span>
          <svg
            class="emotion-6"
            data-testid="icon"
            height="1.25em"
            id=""
            viewBox="0 0 1024 1024"
            width="1.25em"
          >
            <title>
              trash
            </title>
            <path
              d="M917.333 187.733c0.007 0.319 0.012 0.694 0.012 1.071 0 12.755-4.867 24.374-12.846 33.1l0.034-0.038c-6.696 7.89-16.62 12.864-27.706 12.864-0.76 0-1.515-0.023-2.264-0.069l0.103 0.005h-256c-23.564 0-42.667-19.103-42.667-42.667v0-42.667h-128v42.667c0 23.564-19.103 42.667-42.667 42.667v0h-253.867c-0.136 0.001-0.298 0.002-0.459 0.002-22.485 0-41.102-16.565-44.311-38.157l-0.030-0.245c-0.007-0.319-0.012-0.694-0.012-1.071 0-12.755 4.867-24.374 12.846-33.1l-0.034 0.038c6.696-7.89 16.62-12.864 27.706-12.864 0.76 0 1.515 0.023 2.264 0.069l-0.103-0.005h213.333v-42.667c0-23.564 19.103-42.667 42.667-42.667v0h213.333c23.564 0 42.667 19.103 42.667 42.667v0 42.667h211.2c0.136-0.001 0.298-0.002 0.459-0.002 22.485 0 41.102 16.565 44.311 38.157l0.030 0.245z"
            />
            <path
              d="M742.4 358.4l-51.2 516.267h-358.4l-51.2-516.267c-2.24-21.656-20.391-38.401-42.453-38.401-0.075 0-0.15 0-0.225 0.001l0.012-0c-0.064-0-0.139-0.001-0.214-0.001-23.564 0-42.667 19.103-42.667 42.667 0 1.503 0.078 2.988 0.229 4.45l-0.015-0.183 55.467 554.667c2.24 21.656 20.391 38.401 42.453 38.401 0.075 0 0.15-0 0.225-0.001l-0.012 0h435.2c0.064 0 0.139 0.001 0.214 0.001 22.062 0 40.213-16.744 42.437-38.218l0.015-0.183 55.467-554.667c0.136-1.28 0.214-2.764 0.214-4.267 0-23.564-19.103-42.667-42.667-42.667-0.075 0-0.15 0-0.226 0.001l0.012-0c-0.064-0-0.139-0.001-0.214-0.001-22.062 0-40.213 16.744-42.437 38.218l-0.015 0.183z"
            />
          </svg>
        </span>
      </td>
    </tr>
    <tr
      class="emotion-17 emotion-18"
      data-testid="member-row"
    >
      <td
        class="emotion-19 emotion-20"
        color="#3570f40D"
      >
        user3
      </td>
      <td
        class="emotion-19 emotion-20"
        color="#3570f40D"
      />
      <td
        class="emotion-19 emotion-20"
        color="#3570f40D"
      >
        <div
          class="emotion-25 emotion-26"
        >
          N/A
          <span>
            <svg
              class="emotion-6"
              data-testid="icon"
              height="1.25em"
              id=""
              viewBox="0 0 1024 1024"
              width="1.25em"
            >
              <title>
                edit
              </title>
              <path
                d="M926.293 400.427l-301.013-302.507c-7.73-7.775-18.433-12.587-30.26-12.587-0.012 0-0.024 0-0.036 0l0.002-0c-0.104-0.001-0.228-0.001-0.351-0.001-11.554 0-22.002 4.734-29.51 12.369l-0.006 0.006-467.413 467.413c-7.647 7.709-12.373 18.325-12.373 30.046 0 0.012 0 0.024 0 0.036l-0-0.002v300.8c0 23.564 19.103 42.667 42.667 42.667v0h300.8c0.010 0 0.022 0 0.034 0 11.721 0 22.337-4.726 30.049-12.376l-0.003 0.003 467.2-465.92c7.668-7.712 12.409-18.343 12.409-30.081 0-11.631-4.654-22.176-12.202-29.872l0.007 0.007zM411.093 853.333h-240.427v-240.427l265.6-265.6 240.853 240.853zM737.493 528l-240.853-241.067 98.347-98.347 240.64 241.707z"
              />
            </svg>
          </span>
        </div>
      </td>
      <td
        class="emotion-19 emotion-20"
        color="#3570f40D"
      >
        <div
          class="emotion-25 emotion-26"
        >
          N/A
          <span>
            <svg
              class="emotion-6"
              data-testid="icon"
              height="1.25em"
              id=""
              viewBox="0 0 1024 1024"
              width="1.25em"
            >
              <title>
                edit
              </title>
              <path
                d="M926.293 400.427l-301.013-302.507c-7.73-7.775-18.433-12.587-30.26-12.587-0.012 0-0.024 0-0.036 0l0.002-0c-0.104-0.001-0.228-0.001-0.351-0.001-11.554 0-22.002 4.734-29.51 12.369l-0.006 0.006-467.413 467.413c-7.647 7.709-12.373 18.325-12.373 30.046 0 0.012 0 0.024 0 0.036l-0-0.002v300.8c0 23.564 19.103 42.667 42.667 42.667v0h300.8c0.010 0 0.022 0 0.034 0 11.721 0 22.337-4.726 30.049-12.376l-0.003 0.003 467.2-465.92c7.668-7.712 12.409-18.343 12.409-30.081 0-11.631-4.654-22.176-12.202-29.872l0.007 0.007zM411.093 853.333h-240.427v-240.427l265.6-265.6 240.853 240.853zM737.493 528l-240.853-241.067 98.347-98.347 240.64 241.707z"
              />
            </svg>
          </span>
        </div>
      </td>
      <td
        class="emotion-33 emotion-20"
        color="#3570f40D"
      >
        <span>
          <svg
            class="emotion-6"
            data-testid="icon"
            height="1.25em"
            id=""
            viewBox="0 0 1024 1024"
            width="1.25em"
          >
            <title>
              trash
            </title>
            <path
              d="M917.333 187.733c0.007 0.319 0.012 0.694 0.012 1.071 0 12.755-4.867 24.374-12.846 33.1l0.034-0.038c-6.696 7.89-16.62 12.864-27.706 12.864-0.76 0-1.515-0.023-2.264-0.069l0.103 0.005h-256c-23.564 0-42.667-19.103-42.667-42.667v0-42.667h-128v42.667c0 23.564-19.103 42.667-42.667 42.667v0h-253.867c-0.136 0.001-0.298 0.002-0.459 0.002-22.485 0-41.102-16.565-44.311-38.157l-0.030-0.245c-0.007-0.319-0.012-0.694-0.012-1.071 0-12.755 4.867-24.374 12.846-33.1l-0.034 0.038c6.696-7.89 16.62-12.864 27.706-12.864 0.76 0 1.515 0.023 2.264 0.069l-0.103-0.005h213.333v-42.667c0-23.564 19.103-42.667 42.667-42.667v0h213.333c23.564 0 42.667 19.103 42.667 42.667v0 42.667h211.2c0.136-0.001 0.298-0.002 0.459-0.002 22.485 0 41.102 16.565 44.311 38.157l0.030 0.245z"
            />
            <path
              d="M742.4 358.4l-51.2 516.267h-358.4l-51.2-516.267c-2.24-21.656-20.391-38.401-42.453-38.401-0.075 0-0.15 0-0.225 0.001l0.012-0c-0.064-0-0.139-0.001-0.214-0.001-23.564 0-42.667 19.103-42.667 42.667 0 1.503 0.078 2.988 0.229 4.45l-0.015-0.183 55.467 554.667c2.24 21.656 20.391 38.401 42.453 38.401 0.075 0 0.15-0 0.225-0.001l-0.012 0h435.2c0.064 0 0.139 0.001 0.214 0.001 22.062 0 40.213-16.744 42.437-38.218l0.015-0.183 55.467-554.667c0.136-1.28 0.214-2.764 0.214-4.267 0-23.564-19.103-42.667-42.667-42.667-0.075 0-0.15 0-0.226 0.001l0.012-0c-0.064-0-0.139-0.001-0.214-0.001-22.062 0-40.213 16.744-42.437 38.218l-0.015 0.183z"
            />
          </svg>
        </span>
      </td>
    </tr>
    <tr
      class="emotion-17 emotion-18"
      data-testid="member-row"
    >
      <td
        class="emotion-38 emotion-20"
        color=""
      >
        user4
      </td>
      <td
        class="emotion-38 emotion-20"
        color=""
      />
      <td
        class="emotion-38 emotion-20"
        color=""
      >
        <div
          class="emotion-25 emotion-26"
        >
          N/A
          <span>
            <svg
              class="emotion-6"
              data-testid="icon"
              height="1.25em"
              id=""
              viewBox="0 0 1024 1024"
              width="1.25em"
            >
              <title>
                edit
              </title>
              <path
                d="M926.293 400.427l-301.013-302.507c-7.73-7.775-18.433-12.587-30.26-12.587-0.012 0-0.024 0-0.036 0l0.002-0c-0.104-0.001-0.228-0.001-0.351-0.001-11.554 0-22.002 4.734-29.51 12.369l-0.006 0.006-467.413 467.413c-7.647 7.709-12.373 18.325-12.373 30.046 0 0.012 0 0.024 0 0.036l-0-0.002v300.8c0 23.564 19.103 42.667 42.667 42.667v0h300.8c0.010 0 0.022 0 0.034 0 11.721 0 22.337-4.726 30.049-12.376l-0.003 0.003 467.2-465.92c7.668-7.712 12.409-18.343 12.409-30.081 0-11.631-4.654-22.176-12.202-29.872l0.007 0.007zM411.093 853.333h-240.427v-240.427l265.6-265.6 240.853 240.853zM737.493 528l-240.853-241.067 98.347-98.347 240.64 241.707z"
              />
            </svg>
          </span>
        </div>
      </td>
      <td
        class="emotion-38 emotion-20"
        color=""
      >
        <div
          class="emotion-25 emotion-26"
        >
          N/A
          <span>
            <svg
              class="emotion-6"
              data-testid="icon"
              height="1.25em"
              id=""
              viewBox="0 0 1024 1024"
              width="1.25em"
            >
              <title>
                edit
              </title>
              <path
                d="M926.293 400.427l-301.013-302.507c-7.73-7.775-18.433-12.587-30.26-12.587-0.012 0-0.024 0-0.036 0l0.002-0c-0.104-0.001-0.228-0.001-0.351-0.001-11.554 0-22.002 4.734-29.51 12.369l-0.006 0.006-467.413 467.413c-7.647 7.709-12.373 18.325-12.373 30.046 0 0.012 0 0.024 0 0.036l-0-0.002v300.8c0 23.564 19.103 42.667 42.667 42.667v0h300.8c0.010 0 0.022 0 0.034 0 11.721 0 22.337-4.726 30.049-12.376l-0.003 0.003 467.2-465.92c7.668-7.712 12.409-18.343 12.409-30.081 0-11.631-4.654-22.176-12.202-29.872l0.007 0.007zM411.093 853.333h-240.427v-240.427l265.6-265.6 240.853 240.853zM737.493 528l-240.853-241.067 98.347-98.347 240.64 241.707z"
              />
            </svg>
          </span>
        </div>
      </td>
      <td
        class="emotion-52 emotion-20"
        color=""
      >
        <span>
          <svg
            class="emotion-6"
            data-testid="icon"
            height="1.25em"
            id=""
            viewBox="0 0 1024 1024"
            width="1.25em"
          >
            <title>
              trash
            </title>
            <path
              d="M917.333 187.733c0.007 0.319 0.012 0.694 0.012 1.071 0 12.755-4.867 24.374-12.846 33.1l0.034-0.038c-6.696 7.89-16.62 12.864-27.706 12.864-0.76 0-1.515-0.023-2.264-0.069l0.103 0.005h-256c-23.564 0-42.667-19.103-42.667-42.667v0-42.667h-128v42.667c0 23.564-19.103 42.667-42.667 42.667v0h-253.867c-0.136 0.001-0.298 0.002-0.459 0.002-22.485 0-41.102-16.565-44.311-38.157l-0.030-0.245c-0.007-0.319-0.012-0.694-0.012-1.071 0-12.755 4.867-24.374 12.846-33.1l-0.034 0.038c6.696-7.89 16.62-12.864 27.706-12.864 0.76 0 1.515 0.023 2.264 0.069l-0.103-0.005h213.333v-42.667c0-23.564 19.103-42.667 42.667-42.667v0h213.333c23.564 0 42.667 19.103 42.667 42.667v0 42.667h211.2c0.136-0.001 0.298-0.002 0.459-0.002 22.485 0 41.102 16.565 44.311 38.157l0.030 0.245z"
            />
            <path
              d="M742.4 358.4l-51.2 516.267h-358.4l-51.2-516.267c-2.24-21.656-20.391-38.401-42.453-38.401-0.075 0-0.15 0-0.225 0.001l0.012-0c-0.064-0-0.139-0.001-0.214-0.001-23.564 0-42.667 19.103-42.667 42.667 0 1.503 0.078 2.988 0.229 4.45l-0.015-0.183 55.467 554.667c2.24 21.656 20.391 38.401 42.453 38.401 0.075 0 0.15-0 0.225-0.001l-0.012 0h435.2c0.064 0 0.139 0.001 0.214 0.001 22.062 0 40.213-16.744 42.437-38.218l0.015-0.183 55.467-554.667c0.136-1.28 0.214-2.764 0.214-4.267 0-23.564-19.103-42.667-42.667-42.667-0.075 0-0.15 0-0.226 0.001l0.012-0c-0.064-0-0.139-0.001-0.214-0.001-22.062 0-40.213 16.744-42.437 38.218l-0.015 0.183z"
            />
          </svg>
        </span>
      </td>
    </tr>
  </tbody>
</table>
`;
