// Jest Snapshot v1, https://goo.gl/fbAQLP

exports[`ReviewMembersRow should render 1`] = `
.emotion-3 {
  -webkit-backface-visibility: hidden;
  backface-visibility: hidden;
  box-sizing: border-box;
  display: inline-block;
  height: 16px;
  line-height: 16px;
  margin: 3px;
  outline: 0px;
  position: relative;
  vertical-align: bottom;
}

.emotion-3 > input[type='radio'] {
  box-sizing: border-box;
  cursor: pointer;
  display: inline-block;
  position: absolute;
  top: 0;
  visibility: hidden;
}

.emotion-3 > input[type='radio'] + label {
  box-sizing: border-box;
  cursor: pointer;
  font-family: Helvetica,Arial,sans-serif;
  font-size: 14px;
  font-weight: 300;
  height: 16px;
  line-height: 16px;
  padding: 0 10px 0 0;
  vertical-align: bottom;
  white-space: nowrap;
}

.emotion-3 > input[type='radio'] + label:before {
  background: #fff;
  border: 2px solid rgba(54,151,242,0.5);
  border-radius: 50%;
  box-sizing: border-box;
  content: '';
  cursor: pointer;
  display: inline-block;
  height: 16px;
  line-height: 16px;
  margin: 0px 3px -3px 0px;
  -webkit-transition: all 0.25s ease-in;
  transition: all 0.25s ease-in;
  width: 16px;
}

.emotion-3 > input[type='radio']:hover + label:before {
  border: 2px solid #3697f2;
}

.emotion-3 > input[type='radio']:focus + label:before {
  border: 2px solid rgba(54,151,242,0.5);
}

.emotion-3 > input[type='radio']:checked + label:before {
  border: 2px solid #3697f2;
}

.emotion-3 > input[type='radio']:disabled + label {
  color: #d5d5d5;
  cursor: not-allowed;
}

.emotion-3 > input[type='radio']:disabled + label:before {
  border: 2px solid #d5d5d5;
  cursor: not-allowed;
}

.emotion-3 > input[type='radio']:checked + label:after {
  background-color: #3697f2;
  border-radius: 50%;
  box-sizing: border-box;
  content: '';
  height: 8px;
  line-height: 8px;
  left: 4px;
  position: absolute;
  top: 4px;
  -webkit-transition: all 0.2s ease-in;
  transition: all 0.2s ease-in;
  width: 8px;
}

.emotion-0 {
  background-color: #fff;
  text-align: left;
  padding: 5px 0 5px 15px;
  vertical-align: middle;
  word-break: break-all;
  border-bottom: 1px solid #d5d5d5;
}

.emotion-4 {
  background-color: #fff;
  text-align: center;
  padding: 5px 0 5px 15px;
  vertical-align: middle;
  word-break: break-all;
  border-bottom: 1px solid #d5d5d5;
}

<tr
  class="emotion-9"
  data-testid="role-review-row"
>
  <td
    class="emotion-0"
    color="#fff"
  >
    user.abhijetv
  </td>
  <td
    class="emotion-0"
    color="#fff"
  />
  <td
    class="emotion-0"
    color="#fff"
  >
    2020-04-09 04:43 UTC
  </td>
  <td
    class="emotion-4"
    color="#fff"
  >
    <div
      class="emotion-3 denali-radiobutton"
      data-testid="radiobutton-wrapper"
    >
      <input
        checked=""
        id="radiobutton-self-serve1role-review-0-extend"
        name="self-serve1role-review-0"
        type="radio"
        value="extend"
      />
      <label
        for="radiobutton-self-serve1role-review-0-extend"
      />
    </div>
  </td>
  <td
    class="emotion-4"
    color="#fff"
  >
    <div
      class="emotion-3 denali-radiobutton"
      data-testid="radiobutton-wrapper"
    >
      <input
        id="radiobutton-self-serve1role-review-0-no-action"
        name="self-serve1role-review-0"
        type="radio"
        value="no-action"
      />
      <label
        for="radiobutton-self-serve1role-review-0-no-action"
      />
    </div>
  </td>
  <td
    class="emotion-4"
    color="#fff"
  >
    <div
      class="emotion-3 denali-radiobutton"
      data-testid="radiobutton-wrapper"
    >
      <input
        id="radiobutton-self-serve1role-review-0-delete"
        name="self-serve1role-review-0"
        type="radio"
        value="delete"
      />
      <label
        for="radiobutton-self-serve1role-review-0-delete"
      />
    </div>
  </td>
</tr>
`;
