// Jest Snapshot v1, https://goo.gl/fbAQLP

exports[`RoleMemberReviewDetails should render 1`] = `
.emotion-6 {
  box-sizing: border-box;
  display: -webkit-inline-box;
  display: -webkit-inline-flex;
  display: -ms-inline-flexbox;
  display: inline-flex;
  -webkit-flex-flow: row nowrap;
  -ms-flex-flow: row nowrap;
  flex-flow: row nowrap;
  font-family: Helvetica,Arial,sans-serif;
  font-size: 14px;
  font-weight: 300;
  position: relative;
  width: 250px;
}

.emotion-6 input {
  -webkit-appearance: none;
  -moz-appearance: none;
  appearance: none;
  background: rgba(53,112,244,0.05);
  border-top: 2px solid transparent;
  border-bottom: 2px solid transparent;
  border-right: transparent;
  border-left: transparent;
  border-radius: 2px;
  box-shadow: none;
  box-sizing: border-box;
  color: #303030;
  -webkit-flex: 1 0 auto;
  -ms-flex: 1 0 auto;
  flex: 1 0 auto;
  font: inherit;
  height: 36px;
  margin: 0;
  outline: none;
  padding: 0 1rem;
  text-align: left;
  width: 100%;
}

.emotion-6.animated input {
  -webkit-transition: background-color 0.2s ease-in-out,color 0.2s ease-in-out, border 0.2s ease-in-out;
  transition: background-color 0.2s ease-in-out,color 0.2s ease-in-out, border 0.2s ease-in-out;
}

.emotion-6 input::-webkit-input-placeholder {
  color: rgba(48,48,48,0.6);
}

.emotion-6 input::-moz-placeholder {
  color: rgba(48,48,48,0.6);
}

.emotion-6 input:-ms-input-placeholder {
  color: rgba(48,48,48,0.6);
}

.emotion-6 input::placeholder {
  color: rgba(48,48,48,0.6);
}

.emotion-6 input.focused,
.emotion-6 input:active,
.emotion-6 input:focus {
  background: rgba(53,112,244,0.05);
  border-bottom: 2px solid #3570f4;
  color: #303030;
}

.emotion-6 input:invalid {
  background: rgba(53,112,244,0.05);
  border-bottom: 2px solid #d01111;
  color: #303030;
}

.emotion-6 .message {
  font-size: 12px;
  left: 0;
  line-height: 1.8;
  position: absolute;
  top: 2.571rem;
}

.emotion-6.error input,
.emotion-6.error input.focused,
.emotion-6.error input:active,
.emotion-6.error input:focus {
  border-bottom: 2px solid #d01111;
}

.emotion-6.error .message {
  color: #d01111;
}

.emotion-8 {
  border: none;
  border-radius: 2px;
  box-shadow: 0 0 0 1px transparent inset,0 0 0 0 #d5d5d5 inset;
  box-sizing: border-box;
  cursor: pointer;
  display: inline-block;
  font-family: Helvetica,Arial,sans-serif;
  font-weight: 300;
  font-size: 14px;
  line-height: 1;
  margin: 5px;
  outline: 0;
  padding: 10px 24px;
  text-align: center;
  text-shadow: none;
  text-transform: none;
  -webkit-transition: all 0.2s ease-in;
  transition: all 0.2s ease-in;
  vertical-align: baseline;
  white-space: nowrap;
  background: transparent;
  box-shadow: 0 0 0 1px #3697f2 inset;
  color: #3697f2;
}

.emotion-8:first-of-type {
  margin-left: 0;
}

.emotion-8:disabled {
  background: rgba(48,48,48,0.1);
  color: rgba(48,48,48,0.2);
  cursor: not-allowed;
}

.emotion-8:disabled {
  box-shadow: 0 0 0 1px rgba(48,48,48,0.1) inset;
}

.emotion-8:hover:not(:disabled) {
  background: #d7e2fd;
}

.emotion-13 {
  margin: 20px;
}

.emotion-12 {
  width: 100%;
  border-spacing: 0;
  display: table;
  border-collapse: separate;
  border-color: grey;
  table-layout: fixed;
}

.emotion-0 {
  text-align: left;
  border-bottom: 2px solid #d5d5d5;
  color: #9a9a9a;
  font-weight: 600;
  font-size: 0.8rem;
  padding-bottom: 5px;
  vertical-align: top;
  text-transform: uppercase;
  padding: 5px 0 5px 15px;
  word-break: break-all;
}

.emotion-3 {
  text-align: center;
  border-bottom: 2px solid #d5d5d5;
  color: #9a9a9a;
  font-weight: 600;
  font-size: 0.8rem;
  padding-bottom: 5px;
  vertical-align: top;
  text-transform: uppercase;
  padding: 5px 0 5px 15px;
  word-break: break-all;
}

.emotion-7 {
  width: 300px;
  margin-top: 5px;
}

.emotion-9 {
  margin-top: 10px;
}

.emotion-11 {
  color: #9a9a9a;
}

.emotion-10 {
  color: #3570f4;
  -webkit-text-decoration: none;
  text-decoration: none;
  cursor: pointer;
}

<div
  class="emotion-13"
  data-testid="review-member-list"
>
  <table
    class="emotion-12"
  >
    <thead>
      <tr>
        <th
          class="emotion-0"
        >
          MEMBER
        </th>
        <th
          class="emotion-0"
        >
          MEMBER NAME
        </th>
        <th
          class="emotion-0"
        >
          EXPIRATION DATE
        </th>
        <th
          class="emotion-3"
        >
          EXTEND
        </th>
        <th
          class="emotion-3"
        >
          NO ACTION
        </th>
        <th
          class="emotion-3"
        >
          DELETE
        </th>
      </tr>
    </thead>
    <tbody>
      <tr>
        <td
          colspan="2"
        >
          <div
            class="emotion-6 denali-input animated emotion-7"
            data-testid="input-wrapper"
          >
            <input
              autocomplete="off"
              data-testid="input-node"
              id="justification"
              name="justification"
              placeholder="Enter justification here"
              value=""
            />
            <div
              class="message"
              data-testid="message"
            />
          </div>
        </td>
        <td
          colspan="1"
        >
          <div
            class="emotion-9"
          >
            <button
              class="emotion-8 denali-button"
            >
              Submit Review
            </button>
          </div>
        </td>
        <td
          colspan="3"
        >
          <span
            class="emotion-11"
          >
            Current default settings are - 
            <br />
            To change it, please click 
            <a
              class="emotion-10"
            >
               
              here
               
            </a>
          </span>
        </td>
      </tr>
      <tr>
        <td
          colspan="6"
        />
      </tr>
    </tbody>
  </table>
</div>
`;
