// Jest Snapshot v1, https://goo.gl/fbAQLP

exports[`RoleList should render 1`] = `
.emotion-0 {
  -webkit-align-items: center;
  -webkit-box-align: center;
  -ms-flex-align: center;
  align-items: center;
  -webkit-backface-visibility: hidden;
  backface-visibility: hidden;
  box-sizing: border-box;
  display: -webkit-inline-box;
  display: -webkit-inline-flex;
  display: -ms-inline-flexbox;
  display: inline-flex;
  height: 18px;
  outline: 0;
  position: relative;
}

.emotion-0 > input[type='checkbox'] {
  box-sizing: border-box;
  cursor: pointer;
  position: absolute;
  top: 0;
  visibility: hidden;
}

.emotion-0 > input[type='checkbox'] + label {
  box-sizing: border-box;
  cursor: pointer;
  font-family: Helvetica,Arial,sans-serif;
  font-size: 14px;
  font-weight: 300;
  height: 18px;
  line-height: 18px;
  white-space: nowrap;
}

.emotion-0 > input[type='checkbox'] + label .label-content {
  display: -webkit-inline-box;
  display: -webkit-inline-flex;
  display: -ms-inline-flexbox;
  display: inline-flex;
  margin-left: 6px;
}

@-moz-document url-prefix()  {
  .emotion-0 > input[type='checkbox'] + label .label-content {
    margin-top: 1px;
  }
}

.emotion-0 > input[type='checkbox'] + label:before {
  background: #d5d5d5;
  border-radius: 9px;
  box-sizing: border-box;
  content: '';
  cursor: pointer;
  display: inline-block;
  height: 4px;
  line-height: 16px;
  margin: 7px 0 0 0;
  -webkit-transition: all 0.25s;
  transition: all 0.25s;
  vertical-align: top;
  width: 34px;
}

.emotion-0 > input[type='checkbox'] + label::after {
  background-color: #fff;
  border: 2px solid rgba(54,151,242,0.5);
  border-radius: 50%;
  box-sizing: border-box;
  content: ' ';
  cursor: pointer;
  display: block;
  height: 18px;
  left: 0;
  position: absolute;
  -webkit-transition: all 0.25s ease;
  transition: all 0.25s ease;
  top: 0;
  width: 18px;
}

.emotion-0 > input[type='checkbox']:checked + label::before {
  background-color: rgba(21,192,70,0.45);
}

.emotion-0 > input[type='checkbox']:checked + label::after {
  background-color: #15c046;
  border-color: #15c046;
  left: 16px;
}

.emotion-0 > input[type='checkbox']:disabled + label {
  color: #9a9a9a;
  cursor: not-allowed;
}

.emotion-0 > input[type='checkbox']:disabled + label::before {
  background-color: #e8e8e8;
  cursor: not-allowed;
}

.emotion-0 > input[type='checkbox']:disabled + label::after {
  border-color: #d5d5d5;
  cursor: not-allowed;
}

.emotion-0 > input[type='checkbox']:checked:disabled + label::after {
  background: #d5d5d5;
}

.emotion-3 {
  border: none;
  border-radius: 2px;
  box-shadow: 0 0 0 1px transparent inset,0 0 0 0 #d5d5d5 inset;
  box-sizing: border-box;
  cursor: pointer;
  display: inline-block;
  font-family: Helvetica,Arial,sans-serif;
  font-weight: 300;
  font-size: 14px;
  line-height: 1;
  margin: 5px;
  outline: 0;
  padding: 10px 24px;
  text-align: center;
  text-shadow: none;
  text-transform: none;
  -webkit-transition: all 0.2s ease-in;
  transition: all 0.2s ease-in;
  vertical-align: baseline;
  white-space: nowrap;
  background: transparent;
  box-shadow: 0 0 0 1px #3697f2 inset;
  color: #3697f2;
}

.emotion-3:first-of-type {
  margin-left: 0;
}

.emotion-3:disabled {
  background: rgba(48,48,48,0.1);
  color: rgba(48,48,48,0.2);
  cursor: not-allowed;
}

.emotion-3:disabled {
  box-shadow: 0 0 0 1px rgba(48,48,48,0.1) inset;
}

.emotion-3:hover:not(:disabled) {
  background: #d7e2fd;
}

.emotion-15 {
  margin: 20px;
}

.emotion-5 {
  padding-bottom: 20px;
  display: -webkit-box;
  display: -webkit-flex;
  display: -ms-flexbox;
  display: flex;
  -webkit-box-pack: justify;
  -webkit-justify-content: space-between;
  -ms-flex-pack: justify;
  justify-content: space-between;
  -webkit-align-items: center;
  -webkit-box-align: center;
  -ms-flex-align: center;
  align-items: center;
  -webkit-flex-flow: row nowrap;
  -ms-flex-flow: row nowrap;
  flex-flow: row nowrap;
}

.emotion-2 {
  vertical-align: middle;
}

.emotion-1 {
  color: #303030;
  margin-left: 5px;
  white-space: nowrap;
  font: 300 14px HelveticaNeue-Reg,Helvetica,Arial,sans-serif;
}

.emotion-14 {
  width: 100%;
  border-spacing: 0;
  display: table;
  border-collapse: separate;
  border-color: grey;
}

.emotion-6 {
  text-align: left;
  border-bottom: 2px solid #d5d5d5;
  color: #9a9a9a;
  font-weight: 600;
  font-size: 0.8rem;
  padding-bottom: 5px;
  vertical-align: top;
  text-transform: uppercase;
  padding: 5px 0 5px 35px;
  word-break: break-all;
}

.emotion-7 {
  text-align: left;
  border-bottom: 2px solid #d5d5d5;
  color: #9a9a9a;
  font-weight: 600;
  font-size: 0.8rem;
  padding-bottom: 5px;
  vertical-align: top;
  text-transform: uppercase;
  padding: 5px 0 5px 15px;
  word-break: break-all;
}

.emotion-9 {
  text-align: center;
  border-bottom: 2px solid #d5d5d5;
  color: #9a9a9a;
  font-weight: 600;
  font-size: 0.8rem;
  padding-bottom: 5px;
  vertical-align: top;
  text-transform: uppercase;
  padding: 5px 0 5px 15px;
  word-break: break-all;
}

<div
  class="emotion-15"
  data-testid="rolelist"
>
  <div
    class="emotion-5"
  >
    <div
      class="emotion-2"
    >
      <div
        class="emotion-0 denali-switch"
        data-testid="switch-wrapper"
      >
        <input
          id="switch-viewRoleByUser"
          name="viewRoleByUser"
          type="checkbox"
        />
        <label
          for="switch-viewRoleByUser"
        />
      </div>
      <label
        class="emotion-1"
      >
        View Roles By Users
      </label>
    </div>
    <div>
      <button
        class="emotion-3 denali-button"
      >
        Add Role
      </button>
      
      <button
        class="emotion-3 denali-button"
      >
        Add Member
      </button>
      
    </div>
  </div>
  <table
    class="emotion-14"
    data-testid="roletable"
  >
    <thead>
      <tr>
        <th
          class="emotion-6"
        >
          Role
        </th>
        <th
          class="emotion-7"
        >
          Modified Date
        </th>
        <th
          class="emotion-7"
        >
          Last Reviewed Date
        </th>
        <th
          class="emotion-9"
        >
          Review Enabled
        </th>
        <th
          class="emotion-9"
        >
          Self Served
        </th>
        <th
          class="emotion-9"
        >
          Members
        </th>
        <th
          class="emotion-9"
        >
          Review
        </th>
        <th
          class="emotion-9"
        >
          Delete
        </th>
      </tr>
    </thead>
    <tbody />
  </table>
</div>
`;
