// Jest Snapshot v1, https://goo.gl/fbAQLP

exports[`UserRoleTable should render 1`] = `
<div
  data-testid="userroletable"
/>
`;
