// Jest Snapshot v1, https://goo.gl/fbAQLP

exports[`Icon should render default icon with svg 1`] = `
.emotion-0 {
  cursor: inherit;
  vertical-align: text-bottom;
}

<svg
  class="emotion-0"
  data-testid="icon"
  height="1em"
  viewBox="0 0 1024 1024"
  width="1em"
>
  <title>
    x
  </title>
  <path
    d="M572.373 512l224.427-224.213c8.506-8.066 13.798-19.448 13.798-32.066 0-9.118-2.763-17.59-7.498-24.625l0.1 0.158c-7.858-10.565-20.305-17.335-34.333-17.335-11.534 0-21.999 4.577-29.678 12.013l0.011-0.011-227.2 225.707-226.133-225.707c-7.733-7.792-18.447-12.616-30.289-12.616-14.295 0-26.948 7.030-34.691 17.822l-0.087 0.128c-4.635 6.877-7.398 15.35-7.398 24.467 0 12.618 5.292 24 13.778 32.048l0.020 0.019 224.427 224.213-224.427 224.213c-8.506 8.066-13.798 19.448-13.798 32.066 0 9.118 2.763 17.59 7.498 24.625l-0.1-0.158c7.83 10.919 20.483 17.949 34.778 17.949 11.841 0 22.556-4.824 30.286-12.613l0.003-0.003 226.133-225.707 226.133 225.707c7.668 7.425 18.133 12.002 29.667 12.002 14.028 0 26.476-6.77 34.252-17.222l0.081-0.114c4.635-6.877 7.398-15.35 7.398-24.467 0-12.618-5.292-24-13.778-32.048l-0.020-0.019z"
  />
</svg>
`;
