// Jest Snapshot v1, https://goo.gl/fbAQLP

exports[`Tabs should render 1`] = `
<div
  class="css-zxa2dy-tab-group denali-tab-group"
  data-testid="tabgroup"
>
  <div
    class="css-6swi8d-tab-group-tab denali-tab active"
    data-active="true"
  >
    Members
  </div>
  <div
    class="css-6swi8d-tab-group-tab denali-tab"
    data-active="false"
  >
    Review
  </div>
  <div
    class="css-6swi8d-tab-group-tab denali-tab"
    data-active="false"
  >
    Policy Rules
  </div>
  <div
    class="css-6swi8d-tab-group-tab denali-tab"
    data-active="false"
  >
    Settings
  </div>
  <div
    class="css-6swi8d-tab-group-tab denali-tab"
    data-active="false"
  >
    History
  </div>
</div>
`;
