// Jest Snapshot v1, https://goo.gl/fbAQLP

exports[`Tabs should render 1`] = `
.emotion-0 {
  -webkit-align-items: stretch;
  -webkit-box-align: stretch;
  -ms-flex-align: stretch;
  align-items: stretch;
  background: #f5f8fe;
  border-radius: 2px;
  box-sizing: border-box;
  display: inline-grid;
  grid-template-columns: repeat(8, 1fr);
  margin-top: 0;
  min-width: 80px;
  position: relative;
}

.emotion-0.vertical {
  background: #f5f8fe;
  display: -webkit-box;
  display: -webkit-flex;
  display: -ms-flexbox;
  display: flex;
  -webkit-flex-direction: column;
  -ms-flex-direction: column;
  flex-direction: column;
  height: 100%;
  min-width: 300px;
  overflow-y: scroll;
  padding: 12px 0px 40px 0px;
  width: 300px;
}

.emotion-1 {
  font-family: Helvetica,Arial,sans-serif;
  font-size: 14px;
  font-weight: 300;
  -webkit-align-items: center;
  -webkit-box-align: center;
  -ms-flex-align: center;
  align-items: center;
  background: #f5f8fe;
  color: #3697f2;
  cursor: pointer;
  display: -webkit-box;
  display: -webkit-flex;
  display: -ms-flexbox;
  display: flex;
  -webkit-box-pack: center;
  -ms-flex-pack: center;
  -webkit-justify-content: center;
  justify-content: center;
  padding: 8px 20px;
  white-space: nowrap;
  z-index: 1;
}

.emotion-1:hover {
  color: #3570f4;
}

.emotion-1.active {
  background: #fff;
  border-top-left-radius: 2px;
  border-top-right-radius: 2px;
  color: #303030;
  cursor: initial;
}

.emotion-1.active:hover {
  color: #303030;
}

.emotion-1.vertical {
  background: #f5f8fe;
  border-left: solid 4px #f5f8fe;
  height: 24px;
  -webkit-box-pack: start;
  -ms-flex-pack: start;
  -webkit-justify-content: flex-start;
  justify-content: flex-start;
  padding: 12px 0px 12px 26px;
  text-align: left;
}

.emotion-1.vertical.active {
  background: #fff;
  border-left: solid 4px #3697f2;
  color: #303030;
}

.emotion-1.vertical.active:hover {
  color: #303030;
}

<div
  class="emotion-0 denali-tab-group"
  data-testid="tabgroup"
>
  <div
    class="emotion-1 denali-tab"
    data-active="false"
  >
    Roles
  </div>
  <div
    class="emotion-1 denali-tab"
    data-active="false"
  >
    Groups
  </div>
  <div
    class="emotion-1 denali-tab"
    data-active="false"
  >
    Services
  </div>
  <div
    class="emotion-1 denali-tab"
    data-active="false"
  >
    Policies
  </div>
  <div
    class="emotion-1 denali-tab"
    data-active="false"
  >
    Tags
  </div>
  <div
    class="emotion-1 denali-tab"
    data-active="false"
  >
    Templates
  </div>
  <div
    class="emotion-1 denali-tab"
    data-active="false"
  >
    Settings
  </div>
  <div
    class="emotion-1 denali-tab active"
    data-active="true"
  >
    History
  </div>
</div>
`;
