// Jest Snapshot v1, https://goo.gl/fbAQLP

exports[`ReviewTable should render review table 1`] = `
<div
  class="css-oqpjdc"
  data-testid="review-table"
>
  <table
    class="css-1nba3w9"
  >
    <thead>
      <tr>
        <th
          class="css-c37hkt"
        >
          MEMBER
        </th>
        <th
          class="css-c37hkt"
        >
          MEMBER NAME
        </th>
        <th
          class="css-c37hkt"
        >
          EXPIRATION DATE
        </th>
        <th
          class="css-19r8pbt"
        >
          EXTEND
        </th>
        <th
          class="css-19r8pbt"
        >
          NO ACTION
        </th>
        <th
          class="css-19r8pbt"
        >
          DELETE
        </th>
      </tr>
    </thead>
    <tbody>
      <tr
        class="css-37yie"
        data-testid="review-row"
      >
        <td
          class="css-1lik1il"
          color="white"
        >
          user1
        </td>
        <td
          class="css-1lik1il"
          color="white"
        />
        <td
          class="css-1lik1il"
          color="white"
        />
        <td
          class="css-e01avn"
          color="white"
        >
          <div
            class="css-fe5os4-radiobutton denali-radiobutton"
            data-testid="radiobutton-wrapper"
          >
            <input
              checked=""
              id="radiobutton-roleNamerole-review-0-extend"
              name="roleNamerole-review-0"
              type="radio"
              value="extend"
            />
            <label
              for="radiobutton-roleNamerole-review-0-extend"
            />
          </div>
        </td>
        <td
          class="css-e01avn"
          color="white"
        >
          <div
            class="css-fe5os4-radiobutton denali-radiobutton"
            data-testid="radiobutton-wrapper"
          >
            <input
              id="radiobutton-roleNamerole-review-0-no-action"
              name="roleNamerole-review-0"
              type="radio"
              value="no-action"
            />
            <label
              for="radiobutton-roleNamerole-review-0-no-action"
            />
          </div>
        </td>
        <td
          class="css-e01avn"
          color="white"
        >
          <div
            class="css-fe5os4-radiobutton denali-radiobutton"
            data-testid="radiobutton-wrapper"
          >
            <input
              id="radiobutton-roleNamerole-review-0-delete"
              name="roleNamerole-review-0"
              type="radio"
              value="delete"
            />
            <label
              for="radiobutton-roleNamerole-review-0-delete"
            />
          </div>
        </td>
      </tr>
      <tr
        class="css-37yie"
        data-testid="review-row"
      >
        <td
          class="css-1lik1il"
          color="white"
        >
          user2
        </td>
        <td
          class="css-1lik1il"
          color="white"
        />
        <td
          class="css-1lik1il"
          color="white"
        />
        <td
          class="css-e01avn"
          color="white"
        >
          <div
            class="css-fe5os4-radiobutton denali-radiobutton"
            data-testid="radiobutton-wrapper"
          >
            <input
              checked=""
              id="radiobutton-roleNamerole-review-1-extend"
              name="roleNamerole-review-1"
              type="radio"
              value="extend"
            />
            <label
              for="radiobutton-roleNamerole-review-1-extend"
            />
          </div>
        </td>
        <td
          class="css-e01avn"
          color="white"
        >
          <div
            class="css-fe5os4-radiobutton denali-radiobutton"
            data-testid="radiobutton-wrapper"
          >
            <input
              id="radiobutton-roleNamerole-review-1-no-action"
              name="roleNamerole-review-1"
              type="radio"
              value="no-action"
            />
            <label
              for="radiobutton-roleNamerole-review-1-no-action"
            />
          </div>
        </td>
        <td
          class="css-e01avn"
          color="white"
        >
          <div
            class="css-fe5os4-radiobutton denali-radiobutton"
            data-testid="radiobutton-wrapper"
          >
            <input
              id="radiobutton-roleNamerole-review-1-delete"
              name="roleNamerole-review-1"
              type="radio"
              value="delete"
            />
            <label
              for="radiobutton-roleNamerole-review-1-delete"
            />
          </div>
        </td>
      </tr>
      <tr
        class="css-37yie"
        data-testid="review-row"
      >
        <td
          class="css-1lik1il"
          color="white"
        >
          user3
        </td>
        <td
          class="css-1lik1il"
          color="white"
        />
        <td
          class="css-1lik1il"
          color="white"
        />
        <td
          class="css-e01avn"
          color="white"
        >
          <div
            class="css-fe5os4-radiobutton denali-radiobutton"
            data-testid="radiobutton-wrapper"
          >
            <input
              checked=""
              id="radiobutton-roleNamerole-review-2-extend"
              name="roleNamerole-review-2"
              type="radio"
              value="extend"
            />
            <label
              for="radiobutton-roleNamerole-review-2-extend"
            />
          </div>
        </td>
        <td
          class="css-e01avn"
          color="white"
        >
          <div
            class="css-fe5os4-radiobutton denali-radiobutton"
            data-testid="radiobutton-wrapper"
          >
            <input
              id="radiobutton-roleNamerole-review-2-no-action"
              name="roleNamerole-review-2"
              type="radio"
              value="no-action"
            />
            <label
              for="radiobutton-roleNamerole-review-2-no-action"
            />
          </div>
        </td>
        <td
          class="css-e01avn"
          color="white"
        >
          <div
            class="css-fe5os4-radiobutton denali-radiobutton"
            data-testid="radiobutton-wrapper"
          >
            <input
              id="radiobutton-roleNamerole-review-2-delete"
              name="roleNamerole-review-2"
              type="radio"
              value="delete"
            />
            <label
              for="radiobutton-roleNamerole-review-2-delete"
            />
          </div>
        </td>
      </tr>
      <tr
        class="css-37yie"
        data-testid="review-row"
      >
        <td
          class="css-1lik1il"
          color="white"
        >
          user4
        </td>
        <td
          class="css-1lik1il"
          color="white"
        />
        <td
          class="css-1lik1il"
          color="white"
        />
        <td
          class="css-e01avn"
          color="white"
        >
          <div
            class="css-fe5os4-radiobutton denali-radiobutton"
            data-testid="radiobutton-wrapper"
          >
            <input
              checked=""
              id="radiobutton-roleNamerole-review-3-extend"
              name="roleNamerole-review-3"
              type="radio"
              value="extend"
            />
            <label
              for="radiobutton-roleNamerole-review-3-extend"
            />
          </div>
        </td>
        <td
          class="css-e01avn"
          color="white"
        >
          <div
            class="css-fe5os4-radiobutton denali-radiobutton"
            data-testid="radiobutton-wrapper"
          >
            <input
              id="radiobutton-roleNamerole-review-3-no-action"
              name="roleNamerole-review-3"
              type="radio"
              value="no-action"
            />
            <label
              for="radiobutton-roleNamerole-review-3-no-action"
            />
          </div>
        </td>
        <td
          class="css-e01avn"
          color="white"
        >
          <div
            class="css-fe5os4-radiobutton denali-radiobutton"
            data-testid="radiobutton-wrapper"
          >
            <input
              id="radiobutton-roleNamerole-review-3-delete"
              name="roleNamerole-review-3"
              type="radio"
              value="delete"
            />
            <label
              for="radiobutton-roleNamerole-review-3-delete"
            />
          </div>
        </td>
      </tr>
      <tr>
        <td
          colspan="2"
        >
          <div
            class="css-dqae60-input denali-input animated css-1k9c0q4"
            data-testid="input-wrapper"
          >
            <input
              autocomplete="off"
              data-testid="input-node"
              id="justification"
              name="justification"
              placeholder="Enter justification here"
              value=""
            />
            <div
              class="message"
              data-testid="message"
            />
          </div>
        </td>
        <td
          colspan="1"
        >
          <div
            class="css-t3j8zc"
          >
            <button
              class="css-1pobclq-button denali-button"
            >
              Submit Review
            </button>
          </div>
        </td>
        <td
          colspan="3"
        >
          <span
            class="css-cg8bfz"
          >
            Current default settings are - Member expiry: 15 days Service expiry: 15 days 
            <br />
            To change it, please click 
            <a
              class="css-4c0528"
            >
               
              here
               
            </a>
          </span>
        </td>
      </tr>
      <tr>
        <td
          colspan="6"
        />
      </tr>
    </tbody>
  </table>
</div>
`;

exports[`ReviewTable should render review table without expiry settings 1`] = `
<div
  class="css-ivbv8a"
  data-testid="review-invalid-table"
>
  User principal and/or Service principal expiry days are required before a role can be reviewed. Please go to
  <a
    class="css-4c0528"
  >
     
    Settings
     
  </a>
  tab to set those up.
</div>
`;
