// Jest Snapshot v1, https://goo.gl/fbAQLP

exports[`SettingList should render 1`] = `
<div
  class="css-oqpjdc"
  data-testid="setting-list"
>
  <table
    class="css-1j9d9ir"
    data-testid="setting-table"
  >
    <tr
      class="css-37yie"
      data-testid="setting-row"
    >
      <td
        class="css-1vs2r4p"
      >
        Review
      </td>
      <td
        class="css-1vs2r4p"
      >
        <div
          class="css-v3lvlk-switch denali-switch"
          data-testid="switch-wrapper"
        >
          <input
            checked=""
            id="switch-settingreviewEnabled"
            name="settingreviewEnabled"
            type="checkbox"
            value="true"
          />
          <label
            for="switch-settingreviewEnabled"
          />
        </div>
      </td>
      <td
        class="css-1vs2r4p"
      >
        Flag indicates whether or not role updates require another review and approval
      </td>
    </tr>
    <tr
      class="css-37yie"
      data-testid="setting-row"
    >
      <td
        class="css-1vs2r4p"
      >
        Self-Service
      </td>
      <td
        class="css-1vs2r4p"
      >
        <div
          class="css-v3lvlk-switch denali-switch"
          data-testid="switch-wrapper"
        >
          <input
            checked=""
            id="switch-settingselfServe"
            name="settingselfServe"
            type="checkbox"
            value="true"
          />
          <label
            for="switch-settingselfServe"
          />
        </div>
      </td>
      <td
        class="css-1vs2r4p"
      >
        Flag indicates whether or not role allows self service
      </td>
    </tr>
    <tr
      class="css-37yie"
      data-testid="setting-row"
    >
      <td
        class="css-1vs2r4p"
      >
        Member Expiry (Days)
      </td>
      <td
        class="css-1vs2r4p"
      >
        <div
          class="css-1mzzuk6"
        >
          <div
            class="css-1t9m0j6-input denali-input animated css-uvjnz5"
            data-testid="input-wrapper"
          >
            <input
              autocomplete="off"
              data-testid="input-node"
              id="setting-memberExpiryDays"
              pattern="[0-9]*"
              placeholder="Days"
              value=""
            />
            <div
              class="message"
              data-testid="message"
            />
          </div>
        </div>
      </td>
      <td
        class="css-1vs2r4p"
      >
        All user members in the role will have specified max expiry days
      </td>
    </tr>
    <tr
      class="css-37yie"
      data-testid="setting-row"
    >
      <td
        class="css-1vs2r4p"
      >
        Service Expiry (Days)
      </td>
      <td
        class="css-1vs2r4p"
      >
        <div
          class="css-1mzzuk6"
        >
          <div
            class="css-1t9m0j6-input denali-input animated css-uvjnz5"
            data-testid="input-wrapper"
          >
            <input
              autocomplete="off"
              data-testid="input-node"
              id="setting-serviceExpiryDays"
              pattern="[0-9]*"
              placeholder="Days"
              value=""
            />
            <div
              class="message"
              data-testid="message"
            />
          </div>
        </div>
      </td>
      <td
        class="css-1vs2r4p"
      >
        All services in the role will have specified max expiry days
      </td>
    </tr>
    <tr
      class="css-37yie"
      data-testid="setting-row"
    >
      <td
        class="css-1vs2r4p"
      >
        Token Expiry (Mins)
      </td>
      <td
        class="css-1vs2r4p"
      >
        <div
          class="css-1mzzuk6"
        >
          <div
            class="css-1t9m0j6-input denali-input animated css-uvjnz5"
            data-testid="input-wrapper"
          >
            <input
              autocomplete="off"
              data-testid="input-node"
              id="setting-tokenExpiryMins"
              pattern="[0-9]*"
              placeholder="Mins"
              value=""
            />
            <div
              class="message"
              data-testid="message"
            />
          </div>
        </div>
      </td>
      <td
        class="css-1vs2r4p"
      >
        Tokens issued for this role will have specified max timeout in mins
      </td>
    </tr>
    <tr
      class="css-37yie"
      data-testid="setting-row"
    >
      <td
        class="css-1vs2r4p"
      >
        Certificate Expiry (Mins)
      </td>
      <td
        class="css-1vs2r4p"
      >
        <div
          class="css-1mzzuk6"
        >
          <div
            class="css-1t9m0j6-input denali-input animated css-uvjnz5"
            data-testid="input-wrapper"
          >
            <input
              autocomplete="off"
              data-testid="input-node"
              id="setting-certExpiryMins"
              pattern="[0-9]*"
              placeholder="Mins"
              value=""
            />
            <div
              class="message"
              data-testid="message"
            />
          </div>
        </div>
      </td>
      <td
        class="css-1vs2r4p"
      >
        Certs issued for this role will have specified max timeout in mins
      </td>
    </tr>
    <div
      class="css-1h3zjar"
    >
      <div>
        <button
          class="css-1pobclq-button denali-button"
        >
          Submit
        </button>
        
        <button
          class="css-1pobclq-button denali-button"
        >
          Reset
        </button>
      </div>
    </div>
  </table>
</div>
`;
